#
# There is insufficient memory for the Java Runtime Environment to continue.
# Native memory allocation (malloc) failed to allocate 1048576 bytes. Error detail: AllocateHeap
# Possible reasons:
#   The system is out of physical RAM or swap space
#   This process is running with CompressedOops enabled, and the Java Heap may be blocking the growth of the native heap
# Possible solutions:
#   Reduce memory load on the system
#   Increase physical memory or swap space
#   Check if swap backing store is full
#   Decrease Java heap size (-Xmx/-Xms)
#   Decrease number of Java threads
#   Decrease Java thread stack sizes (-Xss)
#   Set larger code cache with -XX:ReservedCodeCacheSize=
#   JVM is running with Unscaled Compressed Oops mode in which the Java heap is
#     placed in the first 4GB address space. The Java Heap base address is the
#     maximum limit for the native heap growth. Please use -XX:HeapBaseMinAddress
#     to set the Java Heap base and to place the Java Heap above 4GB virtual address.
# This output file may be truncated or incomplete.
#
#  Out of Memory Error (allocation.cpp:44), pid=28640, tid=27668
#
# JRE version: OpenJDK Runtime Environment Temurin-21.0.9+10 (21.0.9+10) (build 21.0.9+10-LTS)
# Java VM: OpenJDK 64-Bit Server VM Temurin-21.0.9+10 (21.0.9+10-LTS, mixed mode, sharing, tiered, compressed oops, compressed class ptrs, parallel gc, windows-amd64)
# No core dump will be written. Minidumps are not enabled by default on client versions of Windows
#

---------------  S U M M A R Y ------------

Command Line: --add-modules=ALL-SYSTEM --add-opens=java.base/java.util=ALL-UNNAMED --add-opens=java.base/java.lang=ALL-UNNAMED --add-opens=java.base/sun.nio.fs=ALL-UNNAMED -Declipse.application=org.eclipse.jdt.ls.core.id1 -Dosgi.bundles.defaultStartLevel=4 -Declipse.product=org.eclipse.jdt.ls.core.product -Djava.import.generatesMetadataFilesAtProjectRoot=false -DDetectVMInstallationsJob.disabled=true -Dfile.encoding=utf8 -XX:+UseParallelGC -XX:GCTimeRatio=4 -XX:AdaptiveSizePolicyWeight=90 -Dsun.zip.disableMemoryMapping=true -Xmx2G -Xms100m -Xlog:disable -javaagent:c:\Users\guilherme_sankhya\.vscode\extensions\redhat.java-1.52.0-win32-x64\lombok\lombok-1.18.39-4050.jar -XX:+HeapDumpOnOutOfMemoryError -XX:HeapDumpPath=c:\Users\guilherme_sankhya\AppData\Roaming\Code\User\workspaceStorage\c84af10c5293fe93c190eec6bd49084e\redhat.java -Daether.dependencyCollector.impl=bf c:\Users\guilherme_sankhya\.vscode\extensions\redhat.java-1.52.0-win32-x64\server\plugins\org.eclipse.equinox.launcher_1.7.100.v20251111-0406.jar -configuration c:\Users\guilherme_sankhya\AppData\Roaming\Code\User\globalStorage\redhat.java\1.52.0\config_win -data c:\Users\guilherme_sankhya\AppData\Roaming\Code\User\workspaceStorage\c84af10c5293fe93c190eec6bd49084e\redhat.java\jdt_ws --pipe=\\.\pipe\lsp-e151c58ab87938e36a223b5ca749449e-sock

Host: 13th Gen Intel(R) Core(TM) i5-1345U, 12 cores, 15G,  Windows 11 , 64 bit Build 26100 (10.0.26100.7623)
Time: Wed Feb  4 08:35:18 2026 Hora oficial do Brasil elapsed time: 128703.411036 seconds (1d 11h 45m 3s)

---------------  T H R E A D  ---------------

Current thread (0x0000016b6d0692a0):  JavaThread "Attach Listener" daemon [_thread_in_vm, id=27668, stack(0x000000430a400000,0x000000430a500000) (1024K)]

Stack: [0x000000430a400000,0x000000430a500000]
Native frames: (J=compiled Java code, j=interpreted, Vv=VM code, C=native code)
V  [jvm.dll+0x6d6e29]
V  [jvm.dll+0x8b4b76]
V  [jvm.dll+0x8b712e]
V  [jvm.dll+0x8b7813]
V  [jvm.dll+0x283d86]
V  [jvm.dll+0xc1277]
V  [jvm.dll+0x6d76d9]
V  [jvm.dll+0x133466]
V  [jvm.dll+0x3f7ea6]
V  [jvm.dll+0x85e9ad]
V  [jvm.dll+0x6d565d]
C  [ucrtbase.dll+0x37b0]
C  [KERNEL32.DLL+0x2e8d7]
C  [ntdll.dll+0x8c53c]


---------------  P R O C E S S  ---------------

Threads class SMR info:
_java_thread_list=0x0000016b4de59fb0, length=39, elements={
0x0000016b6cfc2ca0, 0x0000016b6d0641c0, 0x0000016b6cf6e8a0, 0x0000016b6d068850,
0x0000016b6d0692a0, 0x0000016b6d069cf0, 0x0000016b6d072d70, 0x0000016b6d077190,
0x0000016b6d07b120, 0x0000016b45ed9440, 0x0000016b460033b0, 0x0000016b4b81e0a0,
0x0000016b4b06cd00, 0x0000016b4b905450, 0x0000016b4b9064a0, 0x0000016b4bd62e90,
0x0000016b4bba4ab0, 0x0000016b4bed0ea0, 0x0000016b4c021a90, 0x0000016b4bd21540,
0x0000016b4d883090, 0x0000016b4d883720, 0x0000016b4d883db0, 0x0000016b4d884440,
0x0000016b4d881650, 0x0000016b4d880fc0, 0x0000016b4d887f50, 0x0000016b4d8878c0,
0x0000016b4d884ad0, 0x0000016b4d885e80, 0x0000016b4d886510, 0x0000016b4d8885e0,
0x0000016b4d885160, 0x0000016b4d886ba0, 0x0000016b4d8857f0, 0x0000016b4e46f1c0,
0x0000016b4e46fee0, 0x0000016b4ba77850, 0x0000016b4e470570
}

Java Threads: ( => current thread )
  0x0000016b6cfc2ca0 JavaThread "main"                              [_thread_blocked, id=27728, stack(0x0000004309d00000,0x0000004309e00000) (1024K)]
  0x0000016b6d0641c0 JavaThread "Reference Handler"          daemon [_thread_blocked, id=3016, stack(0x000000430a100000,0x000000430a200000) (1024K)]
  0x0000016b6cf6e8a0 JavaThread "Finalizer"                  daemon [_thread_blocked, id=10156, stack(0x000000430a200000,0x000000430a300000) (1024K)]
  0x0000016b6d068850 JavaThread "Signal Dispatcher"          daemon [_thread_blocked, id=8968, stack(0x000000430a300000,0x000000430a400000) (1024K)]
=>0x0000016b6d0692a0 JavaThread "Attach Listener"            daemon [_thread_in_vm, id=27668, stack(0x000000430a400000,0x000000430a500000) (1024K)]
  0x0000016b6d069cf0 JavaThread "Service Thread"             daemon [_thread_blocked, id=24480, stack(0x000000430a500000,0x000000430a600000) (1024K)]
  0x0000016b6d072d70 JavaThread "Monitor Deflation Thread"   daemon [_thread_blocked, id=4120, stack(0x000000430a600000,0x000000430a700000) (1024K)]
  0x0000016b6d077190 JavaThread "C2 CompilerThread0"         daemon [_thread_blocked, id=25840, stack(0x000000430a700000,0x000000430a800000) (1024K)]
  0x0000016b6d07b120 JavaThread "C1 CompilerThread0"         daemon [_thread_blocked, id=2760, stack(0x000000430a800000,0x000000430a900000) (1024K)]
  0x0000016b45ed9440 JavaThread "Common-Cleaner"             daemon [_thread_blocked, id=27760, stack(0x000000430aa00000,0x000000430ab00000) (1024K)]
  0x0000016b460033b0 JavaThread "Notification Thread"        daemon [_thread_blocked, id=23904, stack(0x000000430a900000,0x000000430aa00000) (1024K)]
  0x0000016b4b81e0a0 JavaThread "Active Thread: Equinox Container: 54944a05-7e7a-4b23-b437-37b5623654e5"        [_thread_blocked, id=27992, stack(0x000000430b300000,0x000000430b400000) (1024K)]
  0x0000016b4b06cd00 JavaThread "Refresh Thread: Equinox Container: 54944a05-7e7a-4b23-b437-37b5623654e5" daemon [_thread_blocked, id=24608, stack(0x000000430ac00000,0x000000430ad00000) (1024K)]
  0x0000016b4b905450 JavaThread "Framework Event Dispatcher: Equinox Container: 54944a05-7e7a-4b23-b437-37b5623654e5" daemon [_thread_blocked, id=21876, stack(0x000000430b500000,0x000000430b600000) (1024K)]
  0x0000016b4b9064a0 JavaThread "Start Level: Equinox Container: 54944a05-7e7a-4b23-b437-37b5623654e5" daemon [_thread_blocked, id=25852, stack(0x000000430b600000,0x000000430b700000) (1024K)]
  0x0000016b4bd62e90 JavaThread "Bundle File Closer"         daemon [_thread_blocked, id=28524, stack(0x000000430ba00000,0x000000430bb00000) (1024K)]
  0x0000016b4bba4ab0 JavaThread "SCR Component Actor"        daemon [_thread_blocked, id=28048, stack(0x000000430b700000,0x000000430b800000) (1024K)]
  0x0000016b4bed0ea0 JavaThread "Worker-JM"                         [_thread_blocked, id=28172, stack(0x000000430bc00000,0x000000430bd00000) (1024K)]
  0x0000016b4c021a90 JavaThread "JNA Cleaner"                daemon [_thread_blocked, id=27948, stack(0x000000430ab00000,0x000000430ac00000) (1024K)]
  0x0000016b4bd21540 JavaThread "Java indexing"              daemon [_thread_blocked, id=24452, stack(0x000000430c100000,0x000000430c200000) (1024K)]
  0x0000016b4d883090 JavaThread "Worker-4"                          [_thread_blocked, id=18644, stack(0x000000430c300000,0x000000430c400000) (1024K)]
  0x0000016b4d883720 JavaThread "Thread-1"                   daemon [_thread_in_native, id=27664, stack(0x000000430c900000,0x000000430ca00000) (1024K)]
  0x0000016b4d883db0 JavaThread "Thread-2"                   daemon [_thread_in_native, id=28532, stack(0x000000430ca00000,0x000000430cb00000) (1024K)]
  0x0000016b4d884440 JavaThread "Thread-3"                   daemon [_thread_in_native, id=26892, stack(0x000000430cb00000,0x000000430cc00000) (1024K)]
  0x0000016b4d881650 JavaThread "Thread-4"                   daemon [_thread_in_native, id=26456, stack(0x000000430cc00000,0x000000430cd00000) (1024K)]
  0x0000016b4d880fc0 JavaThread "Thread-5"                   daemon [_thread_in_native, id=25120, stack(0x000000430cd00000,0x000000430ce00000) (1024K)]
  0x0000016b4d887f50 JavaThread "Thread-6"                   daemon [_thread_in_native, id=27808, stack(0x000000430ce00000,0x000000430cf00000) (1024K)]
  0x0000016b4d8878c0 JavaThread "Thread-7"                   daemon [_thread_in_native, id=28608, stack(0x000000430cf00000,0x000000430d000000) (1024K)]
  0x0000016b4d884ad0 JavaThread "Thread-8"                   daemon [_thread_in_native, id=28620, stack(0x000000430d000000,0x000000430d100000) (1024K)]
  0x0000016b4d885e80 JavaThread "Thread-9"                   daemon [_thread_in_native, id=24144, stack(0x000000430d100000,0x000000430d200000) (1024K)]
  0x0000016b4d886510 JavaThread "Thread-10"                  daemon [_thread_in_native, id=27680, stack(0x000000430d200000,0x000000430d300000) (1024K)]
  0x0000016b4d8885e0 JavaThread "Thread-11"                  daemon [_thread_in_native, id=24808, stack(0x000000430d300000,0x000000430d400000) (1024K)]
  0x0000016b4d885160 JavaThread "Thread-12"                  daemon [_thread_in_native, id=28120, stack(0x000000430d400000,0x000000430d500000) (1024K)]
  0x0000016b4d886ba0 JavaThread "Thread-13"                  daemon [_thread_in_native, id=25704, stack(0x000000430d500000,0x000000430d600000) (1024K)]
  0x0000016b4d8857f0 JavaThread "pool-2-thread-1"                   [_thread_blocked, id=26676, stack(0x000000430d600000,0x000000430d700000) (1024K)]
  0x0000016b4e46f1c0 JavaThread "WorkspaceEventsHandler"            [_thread_blocked, id=23624, stack(0x000000430d700000,0x000000430d800000) (1024K)]
  0x0000016b4e46fee0 JavaThread "pool-1-thread-1"                   [_thread_blocked, id=10168, stack(0x000000430d800000,0x000000430d900000) (1024K)]
  0x0000016b4ba77850 JavaThread "Cleaner-0"                  daemon [_thread_blocked, id=11872, stack(0x0000004310600000,0x0000004310700000) (1024K)]
  0x0000016b4e470570 JavaThread "Worker-10"                         [_thread_blocked, id=28452, stack(0x0000004309a00000,0x0000004309b00000) (1024K)]
Total: 39

Other Threads:
  0x0000016b6d05fb60 VMThread "VM Thread"                           [id=23148, stack(0x000000430a000000,0x000000430a100000) (1024K)]
  0x0000016b6ce4ca00 WatcherThread "VM Periodic Task Thread"        [id=27968, stack(0x0000004309f00000,0x000000430a000000) (1024K)]
  0x0000016b6cfe1270 WorkerThread "GC Thread#0"                     [id=5936, stack(0x0000004309e00000,0x0000004309f00000) (1024K)]
  0x0000016b4b4c6330 WorkerThread "GC Thread#1"                     [id=28332, stack(0x000000430ad00000,0x000000430ae00000) (1024K)]
  0x0000016b4b4c66d0 WorkerThread "GC Thread#2"                     [id=4992, stack(0x000000430ae00000,0x000000430af00000) (1024K)]
  0x0000016b4b3278a0 WorkerThread "GC Thread#3"                     [id=16116, stack(0x000000430af00000,0x000000430b000000) (1024K)]
  0x0000016b4b327c40 WorkerThread "GC Thread#4"                     [id=27900, stack(0x000000430b000000,0x000000430b100000) (1024K)]
  0x0000016b4b047fb0 WorkerThread "GC Thread#5"                     [id=28612, stack(0x000000430b100000,0x000000430b200000) (1024K)]
  0x0000016b4b048350 WorkerThread "GC Thread#6"                     [id=27496, stack(0x000000430b200000,0x000000430b300000) (1024K)]
  0x0000016b4b55fa30 WorkerThread "GC Thread#7"                     [id=17096, stack(0x000000430b400000,0x000000430b500000) (1024K)]
  0x0000016b4b7bf630 WorkerThread "GC Thread#8"                     [id=25784, stack(0x000000430b800000,0x000000430b900000) (1024K)]
  0x0000016b4b7beef0 WorkerThread "GC Thread#9"                     [id=12280, stack(0x000000430b900000,0x000000430ba00000) (1024K)]
Total: 12

Threads with active compile tasks:
Total: 0

VM state: not at safepoint (normal execution)

VM Mutex/Monitor currently owned by a thread: None

Heap address: 0x0000000080000000, size: 2048 MB, Compressed Oops mode: 32-bit

CDS archive(s) mapped at: [0x0000016b04000000-0x0000016b04ba0000-0x0000016b04ba0000), size 12189696, SharedBaseAddress: 0x0000016b04000000, ArchiveRelocationMode: 1.
Compressed class space mapped at: 0x0000016b05000000-0x0000016b45000000, reserved size: 1073741824
Narrow klass base: 0x0000016b04000000, Narrow klass shift: 0, Narrow klass range: 0x100000000

GC Precious Log:
 CardTable entry size: 512
 CPUs: 12 total, 12 available
 Memory: 16068M
 Large Page Support: Disabled
 NUMA Support: Disabled
 Compressed Oops: Enabled (32-bit)
 Alignments: Space 512K, Generation 512K, Heap 2M
 Heap Min Capacity: 100M
 Heap Initial Capacity: 100M
 Heap Max Capacity: 2G
 Pre-touch: Disabled
 Parallel Workers: 10

Heap:
 PSYoungGen      total 10240K, used 9552K [0x00000000d5580000, 0x00000000d6180000, 0x0000000100000000)
  eden space 8704K, 97% used [0x00000000d5580000,0x00000000d5dce830,0x00000000d5e00000)
  from space 1536K, 68% used [0x00000000d5e80000,0x00000000d5f85950,0x00000000d6000000)
  to   space 1536K, 0% used [0x00000000d6000000,0x00000000d6000000,0x00000000d6180000)
 ParOldGen       total 1178112K, used 193365K [0x0000000080000000, 0x00000000c7e80000, 0x00000000d5580000)
  object space 1178112K, 16% used [0x0000000080000000,0x000000008bcd5768,0x00000000c7e80000)
 Metaspace       used 92738K, committed 94336K, reserved 1179648K
  class space    used 9660K, committed 10368K, reserved 1048576K

Card table byte_map: [0x0000016b6c960000,0x0000016b6cd70000] _byte_map_base: 0x0000016b6c560000

Marking Bits: (ParMarkBitMap*) 0x00007ffea7662460
 Begin Bits: [0x0000016b00000000, 0x0000016b02000000)
 End Bits:   [0x0000016b02000000, 0x0000016b04000000)

Polling page: 0x0000016b6add0000

Metaspace:

Usage:
  Non-class:     81.13 MB used.
      Class:      9.43 MB used.
       Both:     90.56 MB used.

Virtual space:
  Non-class space:      128.00 MB reserved,      82.00 MB ( 64%) committed,  2 nodes.
      Class space:        1.00 GB reserved,      10.12 MB ( <1%) committed,  1 nodes.
             Both:        1.12 GB reserved,      92.12 MB (  8%) committed. 

Chunk freelists:
   Non-Class:  14.00 MB
       Class:  5.83 MB
        Both:  19.84 MB

MaxMetaspaceSize: unlimited
CompressedClassSpaceSize: 1.00 GB
Initial GC threshold: 21.00 MB
Current GC threshold: 149.31 MB
CDS: on
 - commit_granule_bytes: 65536.
 - commit_granule_words: 8192.
 - virtual_space_node_default_size: 8388608.
 - enlarge_chunks_in_place: 1.
 - use_allocation_guard: 0.


Internal statistics:

num_allocs_failed_limit: 13.
num_arena_births: 1848.
num_arena_deaths: 594.
num_vsnodes_births: 3.
num_vsnodes_deaths: 0.
num_space_committed: 1474.
num_space_uncommitted: 0.
num_chunks_returned_to_freelist: 742.
num_chunks_taken_from_freelist: 6696.
num_chunk_merges: 239.
num_chunk_splits: 3754.
num_chunks_enlarged: 2018.
num_inconsistent_stats: 0.

CodeHeap 'non-profiled nmethods': size=120000Kb used=21568Kb max_used=23038Kb free=98431Kb
 bounds [0x0000016b77c90000, 0x0000016b79310000, 0x0000016b7f1c0000]
CodeHeap 'profiled nmethods': size=120000Kb used=42911Kb max_used=49466Kb free=77088Kb
 bounds [0x0000016b701c0000, 0x0000016b73210000, 0x0000016b776f0000]
CodeHeap 'non-nmethods': size=5760Kb used=1532Kb max_used=1626Kb free=4227Kb
 bounds [0x0000016b776f0000, 0x0000016b77960000, 0x0000016b77c90000]
CodeCache: size=245760Kb, used=66011Kb, max_used=74130Kb, free=179746Kb
 total_blobs=18964, nmethods=18110, adapters=757, full_count=0
Compilation: enabled, stopped_count=0, restarted_count=0

Compilation events (20 events):
Event: 83489.822 Thread 0x0000016b6d07b120 nmethod 22503 0x0000016b709b2310 code [0x0000016b709b24c0, 0x0000016b709b2718]
Event: 83489.877 Thread 0x0000016b6d07b120 22504       3       org.eclipse.core.runtime.QualifiedName::equals (75 bytes)
Event: 83489.878 Thread 0x0000016b6d07b120 nmethod 22504 0x0000016b719c0890 code [0x0000016b719c0aa0, 0x0000016b719c1060]
Event: 83489.878 Thread 0x0000016b6d07b120 22505       3       org.eclipse.core.internal.dtree.AbstractDataTreeNode::simplifyWithParent (120 bytes)
Event: 83489.881 Thread 0x0000016b6d07b120 nmethod 22505 0x0000016b70fa6310 code [0x0000016b70fa6540, 0x0000016b70fa6ee8]
Event: 83489.881 Thread 0x0000016b4f9a1f70 nmethod 22500 0x0000016b78135710 code [0x0000016b78135a20, 0x0000016b78136b70]
Event: 83489.898 Thread 0x0000016b4f9a2640 nmethod 22501 0x0000016b7832ef10 code [0x0000016b7832f180, 0x0000016b783302c8]
Event: 83490.007 Thread 0x0000016b6d07b120 22506  s    3       org.eclipse.core.internal.watson.ElementTree::immutable (36 bytes)
Event: 83490.008 Thread 0x0000016b6d07b120 nmethod 22506 0x0000016b70723f10 code [0x0000016b70724100, 0x0000016b70724620]
Event: 83490.008 Thread 0x0000016b4f9a1f70 22507       4       org.eclipse.core.internal.jobs.DeadlockDetector::reduceGraph (509 bytes)
Event: 83490.095 Thread 0x0000016b6d077190 nmethod 22478 0x0000016b77ec3390 code [0x0000016b77ec3d00, 0x0000016b77ec9c68]
Event: 83490.104 Thread 0x0000016b4f9a1f70 nmethod 22507 0x0000016b7847f810 code [0x0000016b7847fac0, 0x0000016b78481010]
Event: 84146.175 Thread 0x0000016b6d07b120 22508   !   3       org.eclipse.jdt.ls.core.internal.JDTUtils::toURI (64 bytes)
Event: 84146.176 Thread 0x0000016b6d07b120 nmethod 22508 0x0000016b71f3b090 code [0x0000016b71f3b3c0, 0x0000016b71f3c2a8]
Event: 111169.881 Thread 0x0000016b6d07b120 22509       3       org.eclipse.core.internal.jobs.JobManager::scheduleInternal (149 bytes)
Event: 111169.888 Thread 0x0000016b6d07b120 nmethod 22509 0x0000016b73185410 code [0x0000016b73185700, 0x0000016b73186430]
Event: 127464.049 Thread 0x0000016b6d077190 22510       4       java.util.concurrent.atomic.AtomicLong::updateAndGet (59 bytes)
Event: 127464.093 Thread 0x0000016b6d077190 nmethod 22510 0x0000016b77e06f90 code [0x0000016b77e07120, 0x0000016b77e072a0]
Event: 127464.093 Thread 0x0000016b6d077190 22511       4       org.eclipse.core.internal.jobs.JobManager::lifeTimeInMs (19 bytes)
Event: 127464.095 Thread 0x0000016b6d077190 nmethod 22511 0x0000016b7832eb90 code [0x0000016b7832ed20, 0x0000016b7832edf0]

GC Heap History (20 events):
Event: 83189.854 GC heap before
{Heap before GC invocations=1779 (full 5):
 PSYoungGen      total 10752K, used 9129K [0x00000000d5580000, 0x00000000d6200000, 0x0000000100000000)
  eden space 8704K, 100% used [0x00000000d5580000,0x00000000d5e00000,0x00000000d5e00000)
  from space 2048K, 20% used [0x00000000d5e00000,0x00000000d5e6a650,0x00000000d6000000)
  to   space 1024K, 0% used [0x00000000d6100000,0x00000000d6100000,0x00000000d6200000)
 ParOldGen       total 1178112K, used 190224K [0x0000000080000000, 0x00000000c7e80000, 0x00000000d5580000)
  object space 1178112K, 16% used [0x0000000080000000,0x000000008b9c4070,0x00000000c7e80000)
 Metaspace       used 92536K, committed 94208K, reserved 1179648K
  class space    used 9640K, committed 10368K, reserved 1048576K
}
Event: 83189.855 GC heap after
{Heap after GC invocations=1779 (full 5):
 PSYoungGen      total 9216K, used 478K [0x00000000d5580000, 0x00000000d6180000, 0x0000000100000000)
  eden space 8704K, 0% used [0x00000000d5580000,0x00000000d5580000,0x00000000d5e00000)
  from space 512K, 93% used [0x00000000d6100000,0x00000000d6177970,0x00000000d6180000)
  to   space 512K, 0% used [0x00000000d6080000,0x00000000d6080000,0x00000000d6100000)
 ParOldGen       total 1178112K, used 190456K [0x0000000080000000, 0x00000000c7e80000, 0x00000000d5580000)
  object space 1178112K, 16% used [0x0000000080000000,0x000000008b9fe1b0,0x00000000c7e80000)
 Metaspace       used 92536K, committed 94208K, reserved 1179648K
  class space    used 9640K, committed 10368K, reserved 1048576K
}
Event: 83189.875 GC heap before
{Heap before GC invocations=1780 (full 5):
 PSYoungGen      total 9216K, used 9182K [0x00000000d5580000, 0x00000000d6180000, 0x0000000100000000)
  eden space 8704K, 100% used [0x00000000d5580000,0x00000000d5e00000,0x00000000d5e00000)
  from space 512K, 93% used [0x00000000d6100000,0x00000000d6177970,0x00000000d6180000)
  to   space 512K, 0% used [0x00000000d6080000,0x00000000d6080000,0x00000000d6100000)
 ParOldGen       total 1178112K, used 190456K [0x0000000080000000, 0x00000000c7e80000, 0x00000000d5580000)
  object space 1178112K, 16% used [0x0000000080000000,0x000000008b9fe1b0,0x00000000c7e80000)
 Metaspace       used 92536K, committed 94208K, reserved 1179648K
  class space    used 9640K, committed 10368K, reserved 1048576K
}
Event: 83189.877 GC heap after
{Heap after GC invocations=1780 (full 5):
 PSYoungGen      total 9216K, used 423K [0x00000000d5580000, 0x00000000d6180000, 0x0000000100000000)
  eden space 8704K, 0% used [0x00000000d5580000,0x00000000d5580000,0x00000000d5e00000)
  from space 512K, 82% used [0x00000000d6080000,0x00000000d60e9ff0,0x00000000d6100000)
  to   space 512K, 0% used [0x00000000d6100000,0x00000000d6100000,0x00000000d6180000)
 ParOldGen       total 1178112K, used 190750K [0x0000000080000000, 0x00000000c7e80000, 0x00000000d5580000)
  object space 1178112K, 16% used [0x0000000080000000,0x000000008ba47a90,0x00000000c7e80000)
 Metaspace       used 92536K, committed 94208K, reserved 1179648K
  class space    used 9640K, committed 10368K, reserved 1048576K
}
Event: 83189.897 GC heap before
{Heap before GC invocations=1781 (full 5):
 PSYoungGen      total 9216K, used 9127K [0x00000000d5580000, 0x00000000d6180000, 0x0000000100000000)
  eden space 8704K, 100% used [0x00000000d5580000,0x00000000d5e00000,0x00000000d5e00000)
  from space 512K, 82% used [0x00000000d6080000,0x00000000d60e9ff0,0x00000000d6100000)
  to   space 512K, 0% used [0x00000000d6100000,0x00000000d6100000,0x00000000d6180000)
 ParOldGen       total 1178112K, used 190750K [0x0000000080000000, 0x00000000c7e80000, 0x00000000d5580000)
  object space 1178112K, 16% used [0x0000000080000000,0x000000008ba47a90,0x00000000c7e80000)
 Metaspace       used 92536K, committed 94208K, reserved 1179648K
  class space    used 9640K, committed 10368K, reserved 1048576K
}
Event: 83189.899 GC heap after
{Heap after GC invocations=1781 (full 5):
 PSYoungGen      total 9216K, used 499K [0x00000000d5580000, 0x00000000d6180000, 0x0000000100000000)
  eden space 8704K, 0% used [0x00000000d5580000,0x00000000d5580000,0x00000000d5e00000)
  from space 512K, 97% used [0x00000000d6100000,0x00000000d617cf38,0x00000000d6180000)
  to   space 1024K, 0% used [0x00000000d5f80000,0x00000000d5f80000,0x00000000d6080000)
 ParOldGen       total 1178112K, used 190976K [0x0000000080000000, 0x00000000c7e80000, 0x00000000d5580000)
  object space 1178112K, 16% used [0x0000000080000000,0x000000008ba80258,0x00000000c7e80000)
 Metaspace       used 92536K, committed 94208K, reserved 1179648K
  class space    used 9640K, committed 10368K, reserved 1048576K
}
Event: 83189.914 GC heap before
{Heap before GC invocations=1782 (full 5):
 PSYoungGen      total 9216K, used 9203K [0x00000000d5580000, 0x00000000d6180000, 0x0000000100000000)
  eden space 8704K, 100% used [0x00000000d5580000,0x00000000d5e00000,0x00000000d5e00000)
  from space 512K, 97% used [0x00000000d6100000,0x00000000d617cf38,0x00000000d6180000)
  to   space 1024K, 0% used [0x00000000d5f80000,0x00000000d5f80000,0x00000000d6080000)
 ParOldGen       total 1178112K, used 190976K [0x0000000080000000, 0x00000000c7e80000, 0x00000000d5580000)
  object space 1178112K, 16% used [0x0000000080000000,0x000000008ba80258,0x00000000c7e80000)
 Metaspace       used 92536K, committed 94208K, reserved 1179648K
  class space    used 9640K, committed 10368K, reserved 1048576K
}
Event: 83189.916 GC heap after
{Heap after GC invocations=1782 (full 5):
 PSYoungGen      total 9728K, used 319K [0x00000000d5580000, 0x00000000d6180000, 0x0000000100000000)
  eden space 8704K, 0% used [0x00000000d5580000,0x00000000d5580000,0x00000000d5e00000)
  from space 1024K, 31% used [0x00000000d5f80000,0x00000000d5fcff70,0x00000000d6080000)
  to   space 512K, 0% used [0x00000000d6100000,0x00000000d6100000,0x00000000d6180000)
 ParOldGen       total 1178112K, used 191357K [0x0000000080000000, 0x00000000c7e80000, 0x00000000d5580000)
  object space 1178112K, 16% used [0x0000000080000000,0x000000008badf7c0,0x00000000c7e80000)
 Metaspace       used 92536K, committed 94208K, reserved 1179648K
  class space    used 9640K, committed 10368K, reserved 1048576K
}
Event: 83189.932 GC heap before
{Heap before GC invocations=1783 (full 5):
 PSYoungGen      total 9728K, used 9023K [0x00000000d5580000, 0x00000000d6180000, 0x0000000100000000)
  eden space 8704K, 100% used [0x00000000d5580000,0x00000000d5e00000,0x00000000d5e00000)
  from space 1024K, 31% used [0x00000000d5f80000,0x00000000d5fcff70,0x00000000d6080000)
  to   space 512K, 0% used [0x00000000d6100000,0x00000000d6100000,0x00000000d6180000)
 ParOldGen       total 1178112K, used 191357K [0x0000000080000000, 0x00000000c7e80000, 0x00000000d5580000)
  object space 1178112K, 16% used [0x0000000080000000,0x000000008badf7c0,0x00000000c7e80000)
 Metaspace       used 92536K, committed 94208K, reserved 1179648K
  class space    used 9640K, committed 10368K, reserved 1048576K
}
Event: 83189.934 GC heap after
{Heap after GC invocations=1783 (full 5):
 PSYoungGen      total 9216K, used 460K [0x00000000d5580000, 0x00000000d6180000, 0x0000000100000000)
  eden space 8704K, 0% used [0x00000000d5580000,0x00000000d5580000,0x00000000d5e00000)
  from space 512K, 89% used [0x00000000d6100000,0x00000000d61731f0,0x00000000d6180000)
  to   space 512K, 0% used [0x00000000d6080000,0x00000000d6080000,0x00000000d6100000)
 ParOldGen       total 1178112K, used 191532K [0x0000000080000000, 0x00000000c7e80000, 0x00000000d5580000)
  object space 1178112K, 16% used [0x0000000080000000,0x000000008bb0b0e0,0x00000000c7e80000)
 Metaspace       used 92536K, committed 94208K, reserved 1179648K
  class space    used 9640K, committed 10368K, reserved 1048576K
}
Event: 83189.952 GC heap before
{Heap before GC invocations=1784 (full 5):
 PSYoungGen      total 9216K, used 9164K [0x00000000d5580000, 0x00000000d6180000, 0x0000000100000000)
  eden space 8704K, 100% used [0x00000000d5580000,0x00000000d5e00000,0x00000000d5e00000)
  from space 512K, 89% used [0x00000000d6100000,0x00000000d61731f0,0x00000000d6180000)
  to   space 512K, 0% used [0x00000000d6080000,0x00000000d6080000,0x00000000d6100000)
 ParOldGen       total 1178112K, used 191532K [0x0000000080000000, 0x00000000c7e80000, 0x00000000d5580000)
  object space 1178112K, 16% used [0x0000000080000000,0x000000008bb0b0e0,0x00000000c7e80000)
 Metaspace       used 92536K, committed 94208K, reserved 1179648K
  class space    used 9640K, committed 10368K, reserved 1048576K
}
Event: 83189.954 GC heap after
{Heap after GC invocations=1784 (full 5):
 PSYoungGen      total 9216K, used 482K [0x00000000d5580000, 0x00000000d6180000, 0x0000000100000000)
  eden space 8704K, 0% used [0x00000000d5580000,0x00000000d5580000,0x00000000d5e00000)
  from space 512K, 94% used [0x00000000d6080000,0x00000000d60f8848,0x00000000d6100000)
  to   space 512K, 0% used [0x00000000d6100000,0x00000000d6100000,0x00000000d6180000)
 ParOldGen       total 1178112K, used 191770K [0x0000000080000000, 0x00000000c7e80000, 0x00000000d5580000)
  object space 1178112K, 16% used [0x0000000080000000,0x000000008bb46b48,0x00000000c7e80000)
 Metaspace       used 92536K, committed 94208K, reserved 1179648K
  class space    used 9640K, committed 10368K, reserved 1048576K
}
Event: 83189.970 GC heap before
{Heap before GC invocations=1785 (full 5):
 PSYoungGen      total 9216K, used 9186K [0x00000000d5580000, 0x00000000d6180000, 0x0000000100000000)
  eden space 8704K, 100% used [0x00000000d5580000,0x00000000d5e00000,0x00000000d5e00000)
  from space 512K, 94% used [0x00000000d6080000,0x00000000d60f8848,0x00000000d6100000)
  to   space 512K, 0% used [0x00000000d6100000,0x00000000d6100000,0x00000000d6180000)
 ParOldGen       total 1178112K, used 191770K [0x0000000080000000, 0x00000000c7e80000, 0x00000000d5580000)
  object space 1178112K, 16% used [0x0000000080000000,0x000000008bb46b48,0x00000000c7e80000)
 Metaspace       used 92536K, committed 94208K, reserved 1179648K
  class space    used 9640K, committed 10368K, reserved 1048576K
}
Event: 83189.974 GC heap after
{Heap after GC invocations=1785 (full 5):
 PSYoungGen      total 9216K, used 378K [0x00000000d5580000, 0x00000000d6180000, 0x0000000100000000)
  eden space 8704K, 0% used [0x00000000d5580000,0x00000000d5580000,0x00000000d5e00000)
  from space 512K, 73% used [0x00000000d6100000,0x00000000d615ea18,0x00000000d6180000)
  to   space 512K, 0% used [0x00000000d6080000,0x00000000d6080000,0x00000000d6100000)
 ParOldGen       total 1178112K, used 192049K [0x0000000080000000, 0x00000000c7e80000, 0x00000000d5580000)
  object space 1178112K, 16% used [0x0000000080000000,0x000000008bb8c708,0x00000000c7e80000)
 Metaspace       used 92536K, committed 94208K, reserved 1179648K
  class space    used 9640K, committed 10368K, reserved 1048576K
}
Event: 83190.204 GC heap before
{Heap before GC invocations=1786 (full 5):
 PSYoungGen      total 9216K, used 9082K [0x00000000d5580000, 0x00000000d6180000, 0x0000000100000000)
  eden space 8704K, 100% used [0x00000000d5580000,0x00000000d5e00000,0x00000000d5e00000)
  from space 512K, 73% used [0x00000000d6100000,0x00000000d615ea18,0x00000000d6180000)
  to   space 512K, 0% used [0x00000000d6080000,0x00000000d6080000,0x00000000d6100000)
 ParOldGen       total 1178112K, used 192049K [0x0000000080000000, 0x00000000c7e80000, 0x00000000d5580000)
  object space 1178112K, 16% used [0x0000000080000000,0x000000008bb8c708,0x00000000c7e80000)
 Metaspace       used 92536K, committed 94208K, reserved 1179648K
  class space    used 9640K, committed 10368K, reserved 1048576K
}
Event: 83190.206 GC heap after
{Heap after GC invocations=1786 (full 5):
 PSYoungGen      total 9216K, used 512K [0x00000000d5580000, 0x00000000d6180000, 0x0000000100000000)
  eden space 8704K, 0% used [0x00000000d5580000,0x00000000d5580000,0x00000000d5e00000)
  from space 512K, 100% used [0x00000000d6080000,0x00000000d6100000,0x00000000d6100000)
  to   space 512K, 0% used [0x00000000d6100000,0x00000000d6100000,0x00000000d6180000)
 ParOldGen       total 1178112K, used 192362K [0x0000000080000000, 0x00000000c7e80000, 0x00000000d5580000)
  object space 1178112K, 16% used [0x0000000080000000,0x000000008bbda898,0x00000000c7e80000)
 Metaspace       used 92536K, committed 94208K, reserved 1179648K
  class space    used 9640K, committed 10368K, reserved 1048576K
}
Event: 83223.506 GC heap before
{Heap before GC invocations=1787 (full 5):
 PSYoungGen      total 9216K, used 8121K [0x00000000d5580000, 0x00000000d6180000, 0x0000000100000000)
  eden space 8704K, 87% used [0x00000000d5580000,0x00000000d5cee630,0x00000000d5e00000)
  from space 512K, 100% used [0x00000000d6080000,0x00000000d6100000,0x00000000d6100000)
  to   space 512K, 0% used [0x00000000d6100000,0x00000000d6100000,0x00000000d6180000)
 ParOldGen       total 1178112K, used 192362K [0x0000000080000000, 0x00000000c7e80000, 0x00000000d5580000)
  object space 1178112K, 16% used [0x0000000080000000,0x000000008bbda898,0x00000000c7e80000)
 Metaspace       used 92562K, committed 94208K, reserved 1179648K
  class space    used 9641K, committed 10368K, reserved 1048576K
}
Event: 83223.509 GC heap after
{Heap after GC invocations=1787 (full 5):
 PSYoungGen      total 9216K, used 504K [0x00000000d5580000, 0x00000000d6180000, 0x0000000100000000)
  eden space 8704K, 0% used [0x00000000d5580000,0x00000000d5580000,0x00000000d5e00000)
  from space 512K, 98% used [0x00000000d6100000,0x00000000d617e170,0x00000000d6180000)
  to   space 1536K, 0% used [0x00000000d5e80000,0x00000000d5e80000,0x00000000d6000000)
 ParOldGen       total 1178112K, used 192920K [0x0000000080000000, 0x00000000c7e80000, 0x00000000d5580000)
  object space 1178112K, 16% used [0x0000000080000000,0x000000008bc66368,0x00000000c7e80000)
 Metaspace       used 92562K, committed 94208K, reserved 1179648K
  class space    used 9641K, committed 10368K, reserved 1048576K
}
Event: 83223.549 GC heap before
{Heap before GC invocations=1788 (full 5):
 PSYoungGen      total 9216K, used 9205K [0x00000000d5580000, 0x00000000d6180000, 0x0000000100000000)
  eden space 8704K, 99% used [0x00000000d5580000,0x00000000d5dff528,0x00000000d5e00000)
  from space 512K, 98% used [0x00000000d6100000,0x00000000d617e170,0x00000000d6180000)
  to   space 1536K, 0% used [0x00000000d5e80000,0x00000000d5e80000,0x00000000d6000000)
 ParOldGen       total 1178112K, used 192920K [0x0000000080000000, 0x00000000c7e80000, 0x00000000d5580000)
  object space 1178112K, 16% used [0x0000000080000000,0x000000008bc66368,0x00000000c7e80000)
 Metaspace       used 92566K, committed 94208K, reserved 1179648K
  class space    used 9641K, committed 10368K, reserved 1048576K
}
Event: 83223.553 GC heap after
{Heap after GC invocations=1788 (full 5):
 PSYoungGen      total 10240K, used 1046K [0x00000000d5580000, 0x00000000d6180000, 0x0000000100000000)
  eden space 8704K, 0% used [0x00000000d5580000,0x00000000d5580000,0x00000000d5e00000)
  from space 1536K, 68% used [0x00000000d5e80000,0x00000000d5f85950,0x00000000d6000000)
  to   space 1536K, 0% used [0x00000000d6000000,0x00000000d6000000,0x00000000d6180000)
 ParOldGen       total 1178112K, used 193365K [0x0000000080000000, 0x00000000c7e80000, 0x00000000d5580000)
  object space 1178112K, 16% used [0x0000000080000000,0x000000008bcd5768,0x00000000c7e80000)
 Metaspace       used 92566K, committed 94208K, reserved 1179648K
  class space    used 9641K, committed 10368K, reserved 1048576K
}

Dll operation events (12 events):
Event: 0.164 Loaded shared library c:\Users\guilherme_sankhya\.vscode\extensions\redhat.java-1.52.0-win32-x64\jre\21.0.9-win32-x86_64\bin\java.dll
Event: 0.386 Loaded shared library c:\Users\guilherme_sankhya\.vscode\extensions\redhat.java-1.52.0-win32-x64\jre\21.0.9-win32-x86_64\bin\zip.dll
Event: 0.419 Loaded shared library C:\Users\guilherme_sankhya\.vscode\extensions\redhat.java-1.52.0-win32-x64\jre\21.0.9-win32-x86_64\bin\instrument.dll
Event: 0.554 Loaded shared library C:\Users\guilherme_sankhya\.vscode\extensions\redhat.java-1.52.0-win32-x64\jre\21.0.9-win32-x86_64\bin\net.dll
Event: 0.583 Loaded shared library C:\Users\guilherme_sankhya\.vscode\extensions\redhat.java-1.52.0-win32-x64\jre\21.0.9-win32-x86_64\bin\nio.dll
Event: 0.590 Loaded shared library C:\Users\guilherme_sankhya\.vscode\extensions\redhat.java-1.52.0-win32-x64\jre\21.0.9-win32-x86_64\bin\zip.dll
Event: 0.613 Loaded shared library C:\Users\guilherme_sankhya\.vscode\extensions\redhat.java-1.52.0-win32-x64\jre\21.0.9-win32-x86_64\bin\jimage.dll
Event: 0.808 Loaded shared library c:\Users\guilherme_sankhya\.vscode\extensions\redhat.java-1.52.0-win32-x64\jre\21.0.9-win32-x86_64\bin\verify.dll
Event: 2.965 Loaded shared library C:\Users\guilherme_sankhya\AppData\Roaming\Code\User\globalStorage\redhat.java\1.52.0\config_win\org.eclipse.equinox.launcher\org.eclipse.equinox.launcher.win32.win32.x86_64_1.2.1500.v20260121-1430\eclipse_11919.dll
Event: 5.679 Loaded shared library C:\Users\guilherme_sankhya\AppData\Local\Temp\jna-1791130434\jna1603133403532769695.dll
Event: 11.171 Loaded shared library C:\Users\guilherme_sankhya\.vscode\extensions\redhat.java-1.52.0-win32-x64\jre\21.0.9-win32-x86_64\bin\sunmscapi.dll
Event: 12.166 Loaded shared library C:\Users\guilherme_sankhya\.vscode\extensions\redhat.java-1.52.0-win32-x64\jre\21.0.9-win32-x86_64\bin\extnet.dll

Deoptimization events (20 events):
Event: 83189.405 Thread 0x0000016b4d883090 Uncommon trap: trap_request=0xffffffd6 fr.pc=0x0000016b7909e674 relative=0x0000000000001d74
Event: 83189.405 Thread 0x0000016b4d883090 Uncommon trap: reason=array_check action=maybe_recompile pc=0x0000016b7909e674 method=org.eclipse.jdt.internal.core.JavaProjectElementInfo.getProjectCache(Lorg/eclipse/jdt/internal/core/JavaProject;Z)Lorg/eclipse/jdt/internal/core/JavaProjectElementInfo$P
Event: 83189.405 Thread 0x0000016b4d883090 DEOPT PACKING pc=0x0000016b7909e674 sp=0x000000430c3feab0
Event: 83189.405 Thread 0x0000016b4d883090 DEOPT UNPACKING pc=0x0000016b77743aa2 sp=0x000000430c3fea90 mode 2
Event: 83189.471 Thread 0x0000016b4d883090 DEOPT PACKING pc=0x0000016b71b98972 sp=0x000000430c3fc7d0
Event: 83189.471 Thread 0x0000016b4d883090 DEOPT UNPACKING pc=0x0000016b77744242 sp=0x000000430c3fbd48 mode 0
Event: 83189.478 Thread 0x0000016b4e1d5830 DEOPT PACKING pc=0x0000016b71b98972 sp=0x0000004309bfd7e0
Event: 83189.478 Thread 0x0000016b4e1d5830 DEOPT UNPACKING pc=0x0000016b77744242 sp=0x0000004309bfcd58 mode 0
Event: 83189.544 Thread 0x0000016b4d883090 DEOPT PACKING pc=0x0000016b71b98972 sp=0x000000430c3fde80
Event: 83189.544 Thread 0x0000016b4d883090 DEOPT UNPACKING pc=0x0000016b77744242 sp=0x000000430c3fd3f8 mode 0
Event: 83189.604 Thread 0x0000016b4e1d5830 Uncommon trap: trap_request=0xffffff45 fr.pc=0x0000016b792bb934 relative=0x0000000000000574
Event: 83189.604 Thread 0x0000016b4e1d5830 Uncommon trap: reason=unstable_if action=reinterpret pc=0x0000016b792bb934 method=java.io.ClassCache.processQueue()V @ 9 c2
Event: 83189.604 Thread 0x0000016b4e1d5830 DEOPT PACKING pc=0x0000016b792bb934 sp=0x0000004309bfec00
Event: 83189.604 Thread 0x0000016b4e1d5830 DEOPT UNPACKING pc=0x0000016b77743aa2 sp=0x0000004309bfead0 mode 2
Event: 83189.828 Thread 0x0000016b4d883090 DEOPT PACKING pc=0x0000016b71b98972 sp=0x000000430c3fd850
Event: 83189.828 Thread 0x0000016b4d883090 DEOPT UNPACKING pc=0x0000016b77744242 sp=0x000000430c3fcdc8 mode 0
Event: 83189.981 Thread 0x0000016b4d883090 DEOPT PACKING pc=0x0000016b71b98972 sp=0x000000430c3fd650
Event: 83189.981 Thread 0x0000016b4d883090 DEOPT UNPACKING pc=0x0000016b77744242 sp=0x000000430c3fcbc8 mode 0
Event: 83190.188 Thread 0x0000016b4e1d6be0 DEOPT PACKING pc=0x0000016b71b98972 sp=0x000000430befe0c0
Event: 83190.188 Thread 0x0000016b4e1d6be0 DEOPT UNPACKING pc=0x0000016b77744242 sp=0x000000430befd638 mode 0

Classes loaded (20 events):
Event: 308.444 Loading class java/util/function/LongFunction
Event: 308.444 Loading class java/util/function/LongFunction done
Event: 308.445 Loading class java/util/stream/Nodes$ConcNode
Event: 308.445 Loading class java/util/stream/Nodes$AbstractConcNode
Event: 308.446 Loading class java/util/stream/Nodes$AbstractConcNode done
Event: 308.446 Loading class java/util/stream/Nodes$ConcNode done
Event: 308.491 Loading class java/util/stream/Nodes$ToArrayTask$OfRef
Event: 308.491 Loading class java/util/stream/Nodes$ToArrayTask
Event: 308.492 Loading class java/util/stream/Nodes$ToArrayTask done
Event: 308.492 Loading class java/util/stream/Nodes$ToArrayTask$OfRef done
Event: 541.589 Loading class jdk/internal/module/IllegalAccessLogger
Event: 541.589 Loading class jdk/internal/module/IllegalAccessLogger done
Event: 576.276 Loading class jdk/internal/module/IllegalAccessLogger
Event: 576.276 Loading class jdk/internal/module/IllegalAccessLogger done
Event: 81439.699 Loading class java/util/LinkedList$LLSpliterator
Event: 81439.701 Loading class java/util/LinkedList$LLSpliterator done
Event: 81440.792 Loading class java/util/function/IntPredicate
Event: 81440.793 Loading class java/util/function/IntPredicate done
Event: 81440.805 Loading class java/util/regex/Pattern$Bound
Event: 81440.805 Loading class java/util/regex/Pattern$Bound done

Classes unloaded (20 events):
Event: 81438.893 Thread 0x0000016b6d05fb60 Unloading class 0x0000016b05017400 'java/lang/invoke/LambdaForm$MH+0x0000016b05017400'
Event: 81438.893 Thread 0x0000016b6d05fb60 Unloading class 0x0000016b05016400 'java/lang/invoke/LambdaForm$MH+0x0000016b05016400'
Event: 81438.893 Thread 0x0000016b6d05fb60 Unloading class 0x0000016b0500d800 'java/lang/invoke/LambdaForm$MH+0x0000016b0500d800'
Event: 81438.893 Thread 0x0000016b6d05fb60 Unloading class 0x0000016b0500d400 'java/lang/invoke/LambdaForm$MH+0x0000016b0500d400'
Event: 81438.893 Thread 0x0000016b6d05fb60 Unloading class 0x0000016b0500d000 'java/lang/invoke/LambdaForm$MH+0x0000016b0500d000'
Event: 81438.893 Thread 0x0000016b6d05fb60 Unloading class 0x0000016b0500cc00 'java/lang/invoke/LambdaForm$MH+0x0000016b0500cc00'
Event: 81438.893 Thread 0x0000016b6d05fb60 Unloading class 0x0000016b0500c800 'java/lang/invoke/LambdaForm$BMH+0x0000016b0500c800'
Event: 81438.893 Thread 0x0000016b6d05fb60 Unloading class 0x0000016b0500c000 'java/lang/invoke/LambdaForm$DMH+0x0000016b0500c000'
Event: 81438.893 Thread 0x0000016b6d05fb60 Unloading class 0x0000016b05008c00 'java/lang/invoke/LambdaForm$MH+0x0000016b05008c00'
Event: 81438.893 Thread 0x0000016b6d05fb60 Unloading class 0x0000016b05008800 'java/lang/invoke/LambdaForm$MH+0x0000016b05008800'
Event: 81438.893 Thread 0x0000016b6d05fb60 Unloading class 0x0000016b05008400 'java/lang/invoke/LambdaForm$MH+0x0000016b05008400'
Event: 81438.893 Thread 0x0000016b6d05fb60 Unloading class 0x0000016b05007000 'java/lang/invoke/LambdaForm$MH+0x0000016b05007000'
Event: 81438.893 Thread 0x0000016b6d05fb60 Unloading class 0x0000016b05006800 'java/lang/invoke/LambdaForm$MH+0x0000016b05006800'
Event: 81438.893 Thread 0x0000016b6d05fb60 Unloading class 0x0000016b05006400 'java/lang/invoke/LambdaForm$MH+0x0000016b05006400'
Event: 81438.893 Thread 0x0000016b6d05fb60 Unloading class 0x0000016b05006000 'java/lang/invoke/LambdaForm$MH+0x0000016b05006000'
Event: 81438.893 Thread 0x0000016b6d05fb60 Unloading class 0x0000016b05005c00 'java/lang/invoke/LambdaForm$BMH+0x0000016b05005c00'
Event: 81438.894 Thread 0x0000016b6d05fb60 Unloading class 0x0000016b05004800 'java/lang/invoke/LambdaForm$DMH+0x0000016b05004800'
Event: 81438.894 Thread 0x0000016b6d05fb60 Unloading class 0x0000016b05002400 'java/lang/invoke/LambdaForm$MH+0x0000016b05002400'
Event: 81438.894 Thread 0x0000016b6d05fb60 Unloading class 0x0000016b05002000 'java/lang/invoke/LambdaForm$MH+0x0000016b05002000'
Event: 81438.894 Thread 0x0000016b6d05fb60 Unloading class 0x0000016b05001800 'java/lang/invoke/LambdaForm$MH+0x0000016b05001800'

Classes redefined (0 events):
No events

Internal exceptions (20 events):
Event: 83189.633 Thread 0x0000016b4e1d6be0 Exception <a 'sun/nio/fs/WindowsException'{0x00000000d59e0998}> (0x00000000d59e0998) 
thrown [s\src\hotspot\share\prims\jni.cpp, line 520]
Event: 83189.634 Thread 0x0000016b4e1d6be0 Exception <a 'sun/nio/fs/WindowsException'{0x00000000d5a1ab88}> (0x00000000d5a1ab88) 
thrown [s\src\hotspot\share\prims\jni.cpp, line 520]
Event: 83189.636 Thread 0x0000016b4e1d6be0 Exception <a 'sun/nio/fs/WindowsException'{0x00000000d5ac8c30}> (0x00000000d5ac8c30) 
thrown [s\src\hotspot\share\prims\jni.cpp, line 520]
Event: 83189.636 Thread 0x0000016b4e1d6be0 Exception <a 'sun/nio/fs/WindowsException'{0x00000000d5ac9750}> (0x00000000d5ac9750) 
thrown [s\src\hotspot\share\prims\jni.cpp, line 520]
Event: 83189.652 Thread 0x0000016b4e1d6be0 Exception <a 'sun/nio/fs/WindowsException'{0x00000000d5aed398}> (0x00000000d5aed398) 
thrown [s\src\hotspot\share\prims\jni.cpp, line 520]
Event: 83189.652 Thread 0x0000016b4e1d6be0 Exception <a 'sun/nio/fs/WindowsException'{0x00000000d5b0ad50}> (0x00000000d5b0ad50) 
thrown [s\src\hotspot\share\prims\jni.cpp, line 520]
Event: 83190.198 Thread 0x0000016b4e1d5830 Exception <a 'sun/nio/fs/WindowsException'{0x00000000d5dbcf68}> (0x00000000d5dbcf68) 
thrown [s\src\hotspot\share\prims\jni.cpp, line 520]
Event: 83190.198 Thread 0x0000016b4e1d5830 Exception <a 'sun/nio/fs/WindowsException'{0x00000000d5dbd7d0}> (0x00000000d5dbd7d0) 
thrown [s\src\hotspot\share\prims\jni.cpp, line 520]
Event: 83190.210 Thread 0x0000016b4e1d5830 Exception <a 'sun/nio/fs/WindowsException'{0x00000000d55b1a38}> (0x00000000d55b1a38) 
thrown [s\src\hotspot\share\prims\jni.cpp, line 520]
Event: 83190.210 Thread 0x0000016b4e1d5830 Exception <a 'sun/nio/fs/WindowsException'{0x00000000d55b2540}> (0x00000000d55b2540) 
thrown [s\src\hotspot\share\prims\jni.cpp, line 520]
Event: 83489.649 Thread 0x0000016b4e1d5830 Exception <a 'sun/nio/fs/WindowsException'{0x00000000d5b64020}> (0x00000000d5b64020) 
thrown [s\src\hotspot\share\prims\jni.cpp, line 520]
Event: 83489.649 Thread 0x0000016b4e1d5830 Exception <a 'sun/nio/fs/WindowsException'{0x00000000d5b67fa8}> (0x00000000d5b67fa8) 
thrown [s\src\hotspot\share\prims\jni.cpp, line 520]
Event: 83489.652 Thread 0x0000016b4e1d5830 Exception <a 'sun/nio/fs/WindowsException'{0x00000000d5b69720}> (0x00000000d5b69720) 
thrown [s\src\hotspot\share\prims\jni.cpp, line 520]
Event: 83489.652 Thread 0x0000016b4e1d5830 Exception <a 'sun/nio/fs/WindowsException'{0x00000000d5b69fe8}> (0x00000000d5b69fe8) 
thrown [s\src\hotspot\share\prims\jni.cpp, line 520]
Event: 83489.655 Thread 0x0000016b4e1d5830 Exception <a 'sun/nio/fs/WindowsException'{0x00000000d5b6bcc0}> (0x00000000d5b6bcc0) 
thrown [s\src\hotspot\share\prims\jni.cpp, line 520]
Event: 83489.655 Thread 0x0000016b4e1d5830 Exception <a 'sun/nio/fs/WindowsException'{0x00000000d5b6c588}> (0x00000000d5b6c588) 
thrown [s\src\hotspot\share\prims\jni.cpp, line 520]
Event: 83489.789 Thread 0x0000016b4e1d5830 Exception <a 'java/lang/NoSuchMethodError'{0x00000000d5d0c4e0}: static Lorg/eclipse/m2e/core/internal/lifecyclemapping/model/PluginExecutionMetadata;.<clinit>()V> (0x00000000d5d0c4e0) 
thrown [s\src\hotspot\share\prims\jni.cpp, line 1111]
Event: 83489.798 Thread 0x0000016b4e1d5830 Exception <a 'java/lang/NoSuchMethodError'{0x00000000d5d2ebc0}: static Lorg/eclipse/m2e/core/internal/lifecyclemapping/model/PluginExecutionFilter;.<clinit>()V> (0x00000000d5d2ebc0) 
thrown [s\src\hotspot\share\prims\jni.cpp, line 1111]
Event: 83489.805 Thread 0x0000016b4e1d5830 Exception <a 'java/lang/NoSuchMethodError'{0x00000000d5d43350}: static Lorg/eclipse/m2e/core/internal/project/registry/MavenProjectFacade$MavenProjectConfiguration;.<clinit>()V> (0x00000000d5d43350) 
thrown [s\src\hotspot\share\prims\jni.cpp, line 1111]
Event: 83489.809 Thread 0x0000016b4e1d5830 Exception <a 'java/lang/NoSuchMethodError'{0x00000000d5d5e908}: static [J.<clinit>()V> (0x00000000d5d5e908) 
thrown [s\src\hotspot\share\prims\jni.cpp, line 1111]

ZGC Phase Switch (0 events):
No events

VM Operations (20 events):
Event: 128216.002 Executing VM operation: HandshakeAllThreads (HandshakeForDeflation)
Event: 128216.003 Executing VM operation: HandshakeAllThreads (HandshakeForDeflation) done
Event: 128216.003 Executing VM operation: RendezvousGCThreads
Event: 128216.003 Executing VM operation: RendezvousGCThreads done
Event: 128276.129 Executing VM operation: HandshakeAllThreads (HandshakeForDeflation)
Event: 128276.129 Executing VM operation: HandshakeAllThreads (HandshakeForDeflation) done
Event: 128276.129 Executing VM operation: RendezvousGCThreads
Event: 128276.129 Executing VM operation: RendezvousGCThreads done
Event: 128336.213 Executing VM operation: HandshakeAllThreads (HandshakeForDeflation)
Event: 128336.214 Executing VM operation: HandshakeAllThreads (HandshakeForDeflation) done
Event: 128336.215 Executing VM operation: RendezvousGCThreads
Event: 128336.215 Executing VM operation: RendezvousGCThreads done
Event: 128456.400 Executing VM operation: HandshakeAllThreads (HandshakeForDeflation)
Event: 128456.400 Executing VM operation: HandshakeAllThreads (HandshakeForDeflation) done
Event: 128456.400 Executing VM operation: RendezvousGCThreads
Event: 128456.400 Executing VM operation: RendezvousGCThreads done
Event: 128696.898 Executing VM operation: HandshakeAllThreads (HandshakeForDeflation)
Event: 128696.905 Executing VM operation: HandshakeAllThreads (HandshakeForDeflation) done
Event: 128696.905 Executing VM operation: RendezvousGCThreads
Event: 128696.906 Executing VM operation: RendezvousGCThreads done

Memory protections (0 events):
No events

Nmethod flushes (20 events):
Event: 81439.397 Thread 0x0000016b6d05fb60 flushing  nmethod 0x0000016b724b8890
Event: 81439.397 Thread 0x0000016b6d05fb60 flushing  nmethod 0x0000016b724bb590
Event: 81439.397 Thread 0x0000016b6d05fb60 flushing  nmethod 0x0000016b724bea90
Event: 81439.397 Thread 0x0000016b6d05fb60 flushing  nmethod 0x0000016b724c4710
Event: 81439.397 Thread 0x0000016b6d05fb60 flushing  nmethod 0x0000016b724c6610
Event: 81439.397 Thread 0x0000016b6d05fb60 flushing  nmethod 0x0000016b724ce390
Event: 81439.397 Thread 0x0000016b6d05fb60 flushing  nmethod 0x0000016b724cf610
Event: 81439.397 Thread 0x0000016b6d05fb60 flushing  nmethod 0x0000016b724cfd90
Event: 81439.397 Thread 0x0000016b6d05fb60 flushing  nmethod 0x0000016b724d1190
Event: 81439.397 Thread 0x0000016b6d05fb60 flushing  nmethod 0x0000016b724d3110
Event: 81439.397 Thread 0x0000016b6d05fb60 flushing  nmethod 0x0000016b724d4890
Event: 81439.397 Thread 0x0000016b6d05fb60 flushing  nmethod 0x0000016b724d5510
Event: 81439.397 Thread 0x0000016b6d05fb60 flushing  nmethod 0x0000016b724d5890
Event: 81439.397 Thread 0x0000016b6d05fb60 flushing  nmethod 0x0000016b724ddb10
Event: 81439.397 Thread 0x0000016b6d05fb60 flushing  nmethod 0x0000016b724e7e90
Event: 81439.397 Thread 0x0000016b6d05fb60 flushing  nmethod 0x0000016b724f6f90
Event: 81439.397 Thread 0x0000016b6d05fb60 flushing  nmethod 0x0000016b7250b610
Event: 81439.397 Thread 0x0000016b6d05fb60 flushing osr nmethod 0x0000016b7255db10
Event: 81439.397 Thread 0x0000016b6d05fb60 flushing  nmethod 0x0000016b7317d910
Event: 81439.397 Thread 0x0000016b6d05fb60 flushing  nmethod 0x0000016b73185410

Events (20 events):
Event: 83403.826 Thread 0x0000016b4e46f850 Thread exited: 0x0000016b4e46f850
Event: 83476.957 Thread 0x0000016b4e4739f0 Thread exited: 0x0000016b4e4739f0
Event: 83489.608 Thread 0x0000016b4e1d5830 Thread added: 0x0000016b4e470570
Event: 83489.635 Thread 0x0000016b4e1d5830 Thread added: 0x0000016b4e471290
Event: 83489.637 Thread 0x0000016b4e471290 Thread exited: 0x0000016b4e471290
Event: 83489.659 Thread 0x0000016b4e1d5830 Thread added: 0x0000016b4e471fb0
Event: 83489.660 Thread 0x0000016b4e471fb0 Thread added: 0x0000016b4e472cd0
Event: 83489.662 Thread 0x0000016b4e471fb0 Thread added: 0x0000016b4e471290
Event: 83489.662 Thread 0x0000016b4e471290 Thread exited: 0x0000016b4e471290
Event: 83489.662 Thread 0x0000016b4e471fb0 Thread exited: 0x0000016b4e471fb0
Event: 83489.662 Thread 0x0000016b4e472cd0 Thread exited: 0x0000016b4e472cd0
Event: 83489.730 Thread 0x0000016b6d07b120 Thread added: 0x0000016b4f9a1f70
Event: 83489.730 Thread 0x0000016b6d07b120 Thread added: 0x0000016b4f9a2640
Event: 83490.007 Thread 0x0000016b4f9a2640 Thread exited: 0x0000016b4f9a2640
Event: 83495.108 Thread 0x0000016b4f9a1f70 Thread exited: 0x0000016b4f9a1f70
Event: 83536.966 Thread 0x0000016b4e46d780 Thread exited: 0x0000016b4e46d780
Event: 83550.013 Thread 0x0000016b4e1d5830 Thread exited: 0x0000016b4e1d5830
Event: 83596.967 Thread 0x0000016b4e470c00 Thread exited: 0x0000016b4e470c00
Event: 84146.173 Thread 0x0000016b4e46fee0 Thread added: 0x0000016b4e470c00
Event: 84206.448 Thread 0x0000016b4e470c00 Thread exited: 0x0000016b4e470c00


Dynamic libraries:
0x00007ff62edd0000 - 0x00007ff62edde000 	c:\Users\guilherme_sankhya\.vscode\extensions\redhat.java-1.52.0-win32-x64\jre\21.0.9-win32-x86_64\bin\java.exe
0x00007fff9b580000 - 0x00007fff9b7e7000 	C:\WINDOWS\SYSTEM32\ntdll.dll
0x00007fff9a830000 - 0x00007fff9a8f9000 	C:\WINDOWS\System32\KERNEL32.DLL
0x00007fff98780000 - 0x00007fff98b6f000 	C:\WINDOWS\System32\KERNELBASE.dll
0x00007fff98eb0000 - 0x00007fff98ffb000 	C:\WINDOWS\System32\ucrtbase.dll
0x00007fff76db0000 - 0x00007fff76dc8000 	c:\Users\guilherme_sankhya\.vscode\extensions\redhat.java-1.52.0-win32-x64\jre\21.0.9-win32-x86_64\bin\jli.dll
0x00007fff9a250000 - 0x00007fff9a415000 	C:\WINDOWS\System32\USER32.dll
0x00007fff992f0000 - 0x00007fff99317000 	C:\WINDOWS\System32\win32u.dll
0x00007fff9ac20000 - 0x00007fff9ac4b000 	C:\WINDOWS\System32\GDI32.dll
0x00007fff98d80000 - 0x00007fff98eac000 	C:\WINDOWS\System32\gdi32full.dll
0x00007fff98cd0000 - 0x00007fff98d73000 	C:\WINDOWS\System32\msvcp_win.dll
0x00007fff76c90000 - 0x00007fff76cae000 	c:\Users\guilherme_sankhya\.vscode\extensions\redhat.java-1.52.0-win32-x64\jre\21.0.9-win32-x86_64\bin\VCRUNTIME140.dll
0x00007fff793b0000 - 0x00007fff79643000 	C:\WINDOWS\WinSxS\amd64_microsoft.windows.common-controls_6595b64144ccf1df_6.0.26100.7309_none_3e05feeae336a044\COMCTL32.dll
0x00007fff9a600000 - 0x00007fff9a6a9000 	C:\WINDOWS\System32\msvcrt.dll
0x00007fff9afd0000 - 0x00007fff9b001000 	C:\WINDOWS\System32\IMM32.DLL
0x00007fff82510000 - 0x00007fff8251c000 	c:\Users\guilherme_sankhya\.vscode\extensions\redhat.java-1.52.0-win32-x64\jre\21.0.9-win32-x86_64\bin\vcruntime140_1.dll
0x00007fff60cf0000 - 0x00007fff60d7d000 	c:\Users\guilherme_sankhya\.vscode\extensions\redhat.java-1.52.0-win32-x64\jre\21.0.9-win32-x86_64\bin\msvcp140.dll
0x00007ffea69a0000 - 0x00007ffea7740000 	c:\Users\guilherme_sankhya\.vscode\extensions\redhat.java-1.52.0-win32-x64\jre\21.0.9-win32-x86_64\bin\server\jvm.dll
0x00007fff9ac50000 - 0x00007fff9ad04000 	C:\WINDOWS\System32\ADVAPI32.dll
0x00007fff9a900000 - 0x00007fff9a9a6000 	C:\WINDOWS\System32\sechost.dll
0x00007fff99830000 - 0x00007fff99948000 	C:\WINDOWS\System32\RPCRT4.dll
0x00007fff9aba0000 - 0x00007fff9ac14000 	C:\WINDOWS\System32\WS2_32.dll
0x00007fff95f60000 - 0x00007fff95f95000 	C:\WINDOWS\SYSTEM32\WINMM.dll
0x00007fff98550000 - 0x00007fff985ae000 	C:\WINDOWS\SYSTEM32\POWRPROF.dll
0x00007fff84430000 - 0x00007fff8443b000 	C:\WINDOWS\SYSTEM32\VERSION.dll
0x00007fff98530000 - 0x00007fff98544000 	C:\WINDOWS\SYSTEM32\UMPDC.dll
0x00007fff97440000 - 0x00007fff9745b000 	C:\WINDOWS\SYSTEM32\kernel.appcore.dll
0x00007fff7c2c0000 - 0x00007fff7c2ca000 	c:\Users\guilherme_sankhya\.vscode\extensions\redhat.java-1.52.0-win32-x64\jre\21.0.9-win32-x86_64\bin\jimage.dll
0x00007fff95af0000 - 0x00007fff95d32000 	C:\WINDOWS\SYSTEM32\DBGHELP.DLL
0x00007fff9b1b0000 - 0x00007fff9b536000 	C:\WINDOWS\System32\combase.dll
0x00007fff9a9b0000 - 0x00007fff9aa86000 	C:\WINDOWS\System32\OLEAUT32.dll
0x00007fff95ee0000 - 0x00007fff95f1c000 	C:\WINDOWS\SYSTEM32\dbgcore.DLL
0x00007fff986d0000 - 0x00007fff98775000 	C:\WINDOWS\System32\bcryptPrimitives.dll
0x00007fff7c2b0000 - 0x00007fff7c2bf000 	c:\Users\guilherme_sankhya\.vscode\extensions\redhat.java-1.52.0-win32-x64\jre\21.0.9-win32-x86_64\bin\instrument.dll
0x00007fff70850000 - 0x00007fff70870000 	c:\Users\guilherme_sankhya\.vscode\extensions\redhat.java-1.52.0-win32-x64\jre\21.0.9-win32-x86_64\bin\java.dll
0x00007fff99970000 - 0x00007fff9a0c3000 	C:\WINDOWS\System32\SHELL32.dll
0x00007fff99180000 - 0x00007fff992ea000 	C:\WINDOWS\System32\wintypes.dll
0x00007fff96290000 - 0x00007fff96aee000 	C:\WINDOWS\SYSTEM32\windows.storage.dll
0x00007fff9aed0000 - 0x00007fff9afc5000 	C:\WINDOWS\System32\SHCORE.dll
0x00007fff9a0e0000 - 0x00007fff9a146000 	C:\WINDOWS\System32\shlwapi.dll
0x00007fff985f0000 - 0x00007fff98619000 	C:\WINDOWS\SYSTEM32\profapi.dll
0x00007fff703d0000 - 0x00007fff703e8000 	c:\Users\guilherme_sankhya\.vscode\extensions\redhat.java-1.52.0-win32-x64\jre\21.0.9-win32-x86_64\bin\zip.dll
0x00007fff763b0000 - 0x00007fff763c0000 	C:\Users\guilherme_sankhya\.vscode\extensions\redhat.java-1.52.0-win32-x64\jre\21.0.9-win32-x86_64\bin\net.dll
0x00007fff8fb60000 - 0x00007fff8fc88000 	C:\WINDOWS\SYSTEM32\WINHTTP.dll
0x00007fff97990000 - 0x00007fff979fb000 	C:\WINDOWS\system32\mswsock.dll
0x00007fff703b0000 - 0x00007fff703c6000 	C:\Users\guilherme_sankhya\.vscode\extensions\redhat.java-1.52.0-win32-x64\jre\21.0.9-win32-x86_64\bin\nio.dll
0x00007fff6fa00000 - 0x00007fff6fa10000 	c:\Users\guilherme_sankhya\.vscode\extensions\redhat.java-1.52.0-win32-x64\jre\21.0.9-win32-x86_64\bin\verify.dll
0x00007fff44b70000 - 0x00007fff44bb5000 	C:\Users\guilherme_sankhya\AppData\Roaming\Code\User\globalStorage\redhat.java\1.52.0\config_win\org.eclipse.equinox.launcher\org.eclipse.equinox.launcher.win32.win32.x86_64_1.2.1500.v20260121-1430\eclipse_11919.dll
0x00007fff9b010000 - 0x00007fff9b1a7000 	C:\WINDOWS\System32\ole32.dll
0x00007fff97d80000 - 0x00007fff97d9b000 	C:\WINDOWS\SYSTEM32\CRYPTSP.dll
0x00007fff973a0000 - 0x00007fff973da000 	C:\WINDOWS\system32\rsaenh.dll
0x00007fff97a40000 - 0x00007fff97a6b000 	C:\WINDOWS\SYSTEM32\USERENV.dll
0x00007fff985c0000 - 0x00007fff985ea000 	C:\WINDOWS\SYSTEM32\bcrypt.dll
0x00007fff97be0000 - 0x00007fff97bec000 	C:\WINDOWS\SYSTEM32\CRYPTBASE.dll
0x00007fff96ee0000 - 0x00007fff96f14000 	C:\WINDOWS\SYSTEM32\IPHLPAPI.DLL
0x00007fff9a820000 - 0x00007fff9a82a000 	C:\WINDOWS\System32\NSI.dll
0x00007fff47b00000 - 0x00007fff47b49000 	C:\Users\guilherme_sankhya\AppData\Local\Temp\jna-1791130434\jna1603133403532769695.dll
0x00007fff9aec0000 - 0x00007fff9aec8000 	C:\WINDOWS\System32\PSAPI.DLL
0x00007fff8fdd0000 - 0x00007fff8fdee000 	C:\WINDOWS\SYSTEM32\dhcpcsvc6.DLL
0x00007fff8fcd0000 - 0x00007fff8fcf3000 	C:\WINDOWS\SYSTEM32\dhcpcsvc.DLL
0x00007fff6f300000 - 0x00007fff6f30e000 	C:\Users\guilherme_sankhya\.vscode\extensions\redhat.java-1.52.0-win32-x64\jre\21.0.9-win32-x86_64\bin\sunmscapi.dll
0x00007fff99000000 - 0x00007fff99177000 	C:\WINDOWS\System32\CRYPT32.dll
0x00007fff97ed0000 - 0x00007fff97f00000 	C:\WINDOWS\SYSTEM32\ncrypt.dll
0x00007fff97e80000 - 0x00007fff97ebf000 	C:\WINDOWS\SYSTEM32\NTASN1.dll
0x00007fff96fc0000 - 0x00007fff970ec000 	C:\WINDOWS\SYSTEM32\DNSAPI.dll
0x00007fff8c820000 - 0x00007fff8c82b000 	C:\Windows\System32\rasadhlp.dll
0x00007fff900d0000 - 0x00007fff90156000 	C:\WINDOWS\System32\fwpuclnt.dll
0x00007fff65770000 - 0x00007fff65779000 	C:\Users\guilherme_sankhya\.vscode\extensions\redhat.java-1.52.0-win32-x64\jre\21.0.9-win32-x86_64\bin\extnet.dll
0x00007fff97560000 - 0x00007fff97596000 	C:\WINDOWS\SYSTEM32\ntmarta.dll
0x00007fff51180000 - 0x00007fff51188000 	C:\WINDOWS\system32\wshunix.dll

JVMTI agents:
c:\Users\guilherme_sankhya\.vscode\extensions\redhat.java-1.52.0-win32-x64\lombok\lombok-1.18.39-4050.jar path:c:\Users\guilherme_sankhya\.vscode\extensions\redhat.java-1.52.0-win32-x64\jre\21.0.9-win32-x86_64\bin\instrument.dll, loaded, initialized, instrumentlib options:none

dbghelp: loaded successfully - version: 4.0.5 - missing functions: none
symbol engine: initialized successfully - sym options: 0x614 - pdb path: .;c:\Users\guilherme_sankhya\.vscode\extensions\redhat.java-1.52.0-win32-x64\jre\21.0.9-win32-x86_64\bin;C:\WINDOWS\SYSTEM32;C:\WINDOWS\WinSxS\amd64_microsoft.windows.common-controls_6595b64144ccf1df_6.0.26100.7309_none_3e05feeae336a044;c:\Users\guilherme_sankhya\.vscode\extensions\redhat.java-1.52.0-win32-x64\jre\21.0.9-win32-x86_64\bin\server;C:\Users\guilherme_sankhya\AppData\Roaming\Code\User\globalStorage\redhat.java\1.52.0\config_win\org.eclipse.equinox.launcher\org.eclipse.equinox.launcher.win32.win32.x86_64_1.2.1500.v20260121-1430;C:\Users\guilherme_sankhya\AppData\Local\Temp\jna-1791130434

VM Arguments:
jvm_args: --add-modules=ALL-SYSTEM --add-opens=java.base/java.util=ALL-UNNAMED --add-opens=java.base/java.lang=ALL-UNNAMED --add-opens=java.base/sun.nio.fs=ALL-UNNAMED -Declipse.application=org.eclipse.jdt.ls.core.id1 -Dosgi.bundles.defaultStartLevel=4 -Declipse.product=org.eclipse.jdt.ls.core.product -Djava.import.generatesMetadataFilesAtProjectRoot=false -DDetectVMInstallationsJob.disabled=true -Dfile.encoding=utf8 -XX:+UseParallelGC -XX:GCTimeRatio=4 -XX:AdaptiveSizePolicyWeight=90 -Dsun.zip.disableMemoryMapping=true -Xmx2G -Xms100m -Xlog:disable -javaagent:c:\Users\guilherme_sankhya\.vscode\extensions\redhat.java-1.52.0-win32-x64\lombok\lombok-1.18.39-4050.jar -XX:+HeapDumpOnOutOfMemoryError -XX:HeapDumpPath=c:\Users\guilherme_sankhya\AppData\Roaming\Code\User\workspaceStorage\c84af10c5293fe93c190eec6bd49084e\redhat.java -Daether.dependencyCollector.impl=bf 
java_command: c:\Users\guilherme_sankhya\.vscode\extensions\redhat.java-1.52.0-win32-x64\server\plugins\org.eclipse.equinox.launcher_1.7.100.v20251111-0406.jar -configuration c:\Users\guilherme_sankhya\AppData\Roaming\Code\User\globalStorage\redhat.java\1.52.0\config_win -data c:\Users\guilherme_sankhya\AppData\Roaming\Code\User\workspaceStorage\c84af10c5293fe93c190eec6bd49084e\redhat.java\jdt_ws --pipe=\\.\pipe\lsp-e151c58ab87938e36a223b5ca749449e-sock
java_class_path (initial): c:\Users\guilherme_sankhya\.vscode\extensions\redhat.java-1.52.0-win32-x64\server\plugins\org.eclipse.equinox.launcher_1.7.100.v20251111-0406.jar
Launcher Type: SUN_STANDARD

[Global flags]
    uintx AdaptiveSizePolicyWeight                 = 90                                        {product} {command line}
     intx CICompilerCount                          = 4                                         {product} {ergonomic}
    uintx GCTimeRatio                              = 4                                         {product} {command line}
     bool HeapDumpOnOutOfMemoryError               = true                                   {manageable} {command line}
    ccstr HeapDumpPath                             = c:\Users\guilherme_sankhya\AppData\Roaming\Code\User\workspaceStorage\c84af10c5293fe93c190eec6bd49084e\redhat.java         {manageable} {command line}
   size_t InitialHeapSize                          = 104857600                                 {product} {command line}
   size_t MaxHeapSize                              = 2147483648                                {product} {command line}
   size_t MaxNewSize                               = 715653120                                 {product} {ergonomic}
   size_t MinHeapDeltaBytes                        = 524288                                    {product} {ergonomic}
   size_t MinHeapSize                              = 104857600                                 {product} {command line}
   size_t NewSize                                  = 34603008                                  {product} {ergonomic}
    uintx NonNMethodCodeHeapSize                   = 5839372                                {pd product} {ergonomic}
    uintx NonProfiledCodeHeapSize                  = 122909434                              {pd product} {ergonomic}
   size_t OldSize                                  = 70254592                                  {product} {ergonomic}
    uintx ProfiledCodeHeapSize                     = 122909434                              {pd product} {ergonomic}
    uintx ReservedCodeCacheSize                    = 251658240                              {pd product} {ergonomic}
     bool SegmentedCodeCache                       = true                                      {product} {ergonomic}
   size_t SoftMaxHeapSize                          = 2147483648                             {manageable} {ergonomic}
     bool UseCompressedOops                        = true                           {product lp64_product} {ergonomic}
     bool UseLargePagesIndividualAllocation        = false                                  {pd product} {ergonomic}
     bool UseParallelGC                            = true                                      {product} {command line}

Logging:
Log output configuration:
 #0: stdout all=off uptime,level,tags foldmultilines=false
 #1: stderr all=off uptime,level,tags foldmultilines=false

Release file:
JAVA_VERSION="21.0.9" 
MODULES="java.base java.compiler java.datatransfer java.xml java.prefs java.desktop java.instrument java.logging java.management java.security.sasl java.naming java.rmi java.management.rmi java.net.http java.scripting java.security.jgss java.transaction.xa java.sql java.sql.rowset java.xml.crypto java.se java.smartcardio jdk.accessibility jdk.internal.jvmstat jdk.attach jdk.charsets jdk.internal.opt jdk.zipfs jdk.compiler jdk.crypto.ec jdk.crypto.cryptoki jdk.crypto.mscapi jdk.dynalink jdk.internal.ed jdk.editpad jdk.hotspot.agent jdk.httpserver jdk.internal.le jdk.internal.vm.ci jdk.internal.vm.compiler jdk.internal.vm.compiler.management jdk.jartool jdk.javadoc jdk.jcmd jdk.management jdk.management.agent jdk.jconsole jdk.jdeps jdk.jdwp.agent jdk.jdi jdk.jfr jdk.jshell jdk.jsobject jdk.jstatd jdk.localedata jdk.management.jfr jdk.naming.dns jdk.naming.rmi jdk.net jdk.nio.mapmode jdk.random jdk.sctp jdk.security.auth jdk.security.jgss jdk.unsupported jdk.unsupported.desktop jdk.xml.dom" 

Environment Variables:
JAVA_HOME=C:\Program Files\Java\jdk1.8.0_211
PATH=C:\Program Files\Common Files\Oracle\Java\javapath;C:\Program Files\Java\jdk1.8.0_211\bin;c:\Users\guilherme_sankhya\AppData\Local\Programs\cursor\resources\app\bin;C:\app\client\Administrador\product\12.1.0\client_1\bin;C:\Program Files (x86)\Common Files\Oracle\Java\javapath;C:\Windows\system32;C:\Windows;C:\Windows\System32\Wbem;C:\Windows\System32\WindowsPowerShell\v1.0\;C:\Program Files\dotnet\;C:\Program Files\PuTTY\;C:\Users\guilherme_sankhya\AppData\Local\Microsoft\WindowsApps;C:\Program Files\TortoiseSVN\bin;C:\WINDOWS\System32\OpenSSH\;C:\WINDOWS\system32;C:\WINDOWS;C:\WINDOWS\System32\Wbem;C:\WINDOWS\System32\WindowsPowerShell\v1.0\;C:\Program Files\Git\cmd;C:\Program Files\cursor\resources\app\bin;C:\Program Files (x86)\gnupg\bin;C:\Program Files\nodejs\;C:\Program Files\Docker\Docker\resources\bin;C:\Program Files\Java\jdk1.8.0_211\bin;C:\Users\guilherme_sankhya\AppData\Local\Microsoft\WindowsApps;C:\Users\guilherme_sankhya\AppData\Local\Programs\Microsoft VS Code\bin;C:\Program Files\JetBrains\IntelliJ IDEA Community Edition 2024.3.2.2\bin;;C:\Users\guilherme_sankhya\AppData\Local\Programs\cursor\resources\app\bin;C:\Users\guilherme_sankhya\AppData\Roaming\npm;C:\Program Files\apache-maven-3.9.11\bin;C:\Users\guilherme_sankhya\AppData\Local\Programs\MiKTeX\miktex\bin\x64\
USERNAME=guilherme_sankhya
OS=Windows_NT
PROCESSOR_IDENTIFIER=Intel64 Family 6 Model 186 Stepping 3, GenuineIntel
TMP=C:\Users\GUILHE~1\AppData\Local\Temp
TEMP=C:\Users\GUILHE~1\AppData\Local\Temp




Periodic native trim disabled

---------------  S Y S T E M  ---------------

OS:
 Windows 11 , 64 bit Build 26100 (10.0.26100.7623)
OS uptime: 1 days 12:58 hours
Hyper-V role detected

CPU: total 12 (initial active 12) (6 cores per cpu, 2 threads per core) family 6 model 186 stepping 3 microcode 0x4128, cx8, cmov, fxsr, ht, mmx, 3dnowpref, sse, sse2, sse3, ssse3, sse4.1, sse4.2, popcnt, lzcnt, tsc, tscinvbit, avx, avx2, aes, erms, clmul, bmi1, bmi2, adx, sha, fma, vzeroupper, clflush, clflushopt, clwb, hv, serialize, rdtscp, rdpid, fsrm, f16c, cet_ibt, cet_ss
Processor Information for processor 0
  Max Mhz: 1600, Current Mhz: 1600, Mhz Limit: 1600
Processor Information for processor 1
  Max Mhz: 1600, Current Mhz: 1600, Mhz Limit: 1600
Processor Information for processor 2
  Max Mhz: 1600, Current Mhz: 1600, Mhz Limit: 1600
Processor Information for processor 3
  Max Mhz: 1600, Current Mhz: 1600, Mhz Limit: 1600
Processor Information for processor 4
  Max Mhz: 1600, Current Mhz: 1600, Mhz Limit: 1600
Processor Information for processor 5
  Max Mhz: 1600, Current Mhz: 1600, Mhz Limit: 1600
Processor Information for processor 6
  Max Mhz: 1600, Current Mhz: 1600, Mhz Limit: 1600
Processor Information for processor 7
  Max Mhz: 1600, Current Mhz: 1466, Mhz Limit: 1600
Processor Information for processor 8
  Max Mhz: 1600, Current Mhz: 1600, Mhz Limit: 1600
Processor Information for processor 9
  Max Mhz: 1600, Current Mhz: 1600, Mhz Limit: 1600
Processor Information for processor 10
  Max Mhz: 1600, Current Mhz: 1600, Mhz Limit: 1600
Processor Information for processor 11
  Max Mhz: 1600, Current Mhz: 1600, Mhz Limit: 1600

Memory: 4k page, system-wide physical 16068M (1726M free)
TotalPageFile size 46465M (AvailPageFile size 7M)
current process WorkingSet (physical memory assigned to process): 8M, peak: 1668M
current process commit charge ("private bytes"): 1578M, peak: 1587M

vm_info: OpenJDK 64-Bit Server VM (21.0.9+10-LTS) for windows-amd64 JRE (21.0.9+10-LTS), built on 2025-10-21T00:00:00Z by "admin" with unknown MS VC++:1942

END.
