2026-02-04 18:11:02.293 [                  ] [main] INFO  c.u.c.CertificaufuApplication - Starting CertificaufuApplication using Java 24.0.1 with PID 3456 (C:\Users\Gustavo Achcar Filho\Desktop\projects\Certifica UFU - PDSI1\certificaUFU\easycomm-monorepo\certifica-ufu-api\target\classes started by Gustavo Achcar Filho in C:\Users\Gustavo Achcar Filho\Desktop\projects\Certifica UFU - PDSI1\certificaUFU\easycomm-monorepo)
2026-02-04 18:11:02.305 [                  ] [main] INFO  c.u.c.CertificaufuApplication - No active profile set, falling back to 1 default profile: "default"
2026-02-04 18:11:03.188 [                  ] [main] INFO  o.s.d.r.c.RepositoryConfigurationDelegate - Bootstrapping Spring Data MongoDB repositories in DEFAULT mode.
2026-02-04 18:11:03.269 [                  ] [main] INFO  o.s.d.r.c.RepositoryConfigurationDelegate - Finished Spring Data repository scanning in 72 ms. Found 3 MongoDB repository interfaces.
2026-02-04 18:11:04.411 [                  ] [main] INFO  o.s.b.w.e.tomcat.TomcatWebServer - Tomcat initialized with port 8080 (http)
2026-02-04 18:11:04.450 [                  ] [main] INFO  o.a.coyote.http11.Http11NioProtocol - Initializing ProtocolHandler ["http-nio-8080"]
2026-02-04 18:11:04.455 [                  ] [main] INFO  o.a.catalina.core.StandardService - Starting service [Tomcat]
2026-02-04 18:11:04.455 [                  ] [main] INFO  o.a.catalina.core.StandardEngine - Starting Servlet engine: [Apache Tomcat/10.1.20]
2026-02-04 18:11:04.588 [                  ] [main] INFO  o.a.c.c.C.[Tomcat].[localhost].[/] - Initializing Spring embedded WebApplicationContext
2026-02-04 18:11:04.589 [                  ] [main] INFO  o.s.b.w.s.c.ServletWebServerApplicationContext - Root WebApplicationContext: initialization completed in 2202 ms
2026-02-04 18:11:04.854 [                  ] [main] INFO  org.mongodb.driver.client - MongoClient with metadata {"driver": {"name": "mongo-java-driver|sync|spring-boot", "version": "4.11.2"}, "os": {"type": "Windows", "name": "Windows 11", "architecture": "amd64", "version": "10.0"}, "platform": "Java/Oracle Corporation/24.0.1+9-30"} created with settings MongoClientSettings{readPreference=primary, writeConcern=WriteConcern{w=null, wTimeout=null ms, journal=null}, retryWrites=true, retryReads=true, readConcern=ReadConcern{level=null}, credential=null, transportSettings=null, streamFactoryFactory=null, commandListeners=[], codecRegistry=ProvidersCodecRegistry{codecProviders=[ValueCodecProvider{}, BsonValueCodecProvider{}, DBRefCodecProvider{}, DBObjectCodecProvider{}, DocumentCodecProvider{}, CollectionCodecProvider{}, IterableCodecProvider{}, MapCodecProvider{}, GeoJsonCodecProvider{}, GridFSFileCodecProvider{}, Jsr310CodecProvider{}, JsonObjectCodecProvider{}, BsonCodecProvider{}, EnumCodecProvider{}, com.mongodb.client.model.mql.ExpressionCodecProvider@374c40ba, com.mongodb.Jep395RecordCodecProvider@18dcb8a7, com.mongodb.KotlinCodecProvider@6dcab9d9]}, loggerSettings=LoggerSettings{maxDocumentLength=1000}, clusterSettings={hosts=[localhost:27017], srvServiceName=mongodb, mode=SINGLE, requiredClusterType=UNKNOWN, requiredReplicaSetName='null', serverSelector='null', clusterListeners='[]', serverSelectionTimeout='30000 ms', localThreshold='15 ms'}, socketSettings=SocketSettings{connectTimeoutMS=10000, readTimeoutMS=0, receiveBufferSize=0, proxySettings=ProxySettings{host=null, port=null, username=null, password=null}}, heartbeatSocketSettings=SocketSettings{connectTimeoutMS=10000, readTimeoutMS=10000, receiveBufferSize=0, proxySettings=ProxySettings{host=null, port=null, username=null, password=null}}, connectionPoolSettings=ConnectionPoolSettings{maxSize=100, minSize=0, maxWaitTimeMS=120000, maxConnectionLifeTimeMS=0, maxConnectionIdleTimeMS=0, maintenanceInitialDelayMS=0, maintenanceFrequencyMS=60000, connectionPoolListeners=[], maxConnecting=2}, serverSettings=ServerSettings{heartbeatFrequencyMS=10000, minHeartbeatFrequencyMS=500, serverListeners='[]', serverMonitorListeners='[]'}, sslSettings=SslSettings{enabled=false, invalidHostNameAllowed=false, context=null}, applicationName='null', compressorList=[], uuidRepresentation=JAVA_LEGACY, serverApi=null, autoEncryptionSettings=null, dnsClient=null, inetAddressResolver=null, contextProvider=null}
2026-02-04 18:11:04.873 [                  ] [cluster-ClusterId{value='6983b5e892d02c4c4e377f82', description='null'}-localhost:27017] INFO  org.mongodb.driver.cluster - Monitor thread successfully connected to server with description ServerDescription{address=localhost:27017, type=STANDALONE, state=CONNECTED, ok=true, minWireVersion=0, maxWireVersion=25, maxDocumentSize=16777216, logicalSessionTimeoutMinutes=30, roundTripTimeNanos=24047800}
2026-02-04 18:11:05.424 [                  ] [main] INFO  o.s.d.p.DefaultProjectionInformation$PropertyDescriptorSource - Couldn't read class metadata for interface java.io.Serializable. Input property calculation might fail
2026-02-04 18:11:07.438 [                  ] [main] INFO  o.s.s.web.DefaultSecurityFilterChain - Will secure any request with [org.springframework.security.web.session.DisableEncodeUrlFilter@a97a895, org.springframework.security.web.context.request.async.WebAsyncManagerIntegrationFilter@5401c6a8, org.springframework.security.web.context.SecurityContextHolderFilter@6a3a56de, org.springframework.security.web.header.HeaderWriterFilter@1bf10539, org.springframework.web.filter.CorsFilter@1ef5cde4, org.springframework.security.web.authentication.logout.LogoutFilter@5d20195b, com.ufu_solutions.certifica_ufu_api.security.SecurityFilter@4aa3fc9a, org.springframework.security.web.savedrequest.RequestCacheAwareFilter@400e741, org.springframework.security.web.servletapi.SecurityContextHolderAwareRequestFilter@3be369fc, org.springframework.security.web.authentication.AnonymousAuthenticationFilter@359fa722, org.springframework.security.web.session.SessionManagementFilter@441016d6, org.springframework.security.web.access.ExceptionTranslationFilter@762f8ff6, org.springframework.security.web.access.intercept.AuthorizationFilter@6d7677d8]
2026-02-04 18:11:07.948 [                  ] [main] INFO  o.a.k.c.admin.AdminClientConfig - AdminClientConfig values: 
	auto.include.jmx.reporter = true
	bootstrap.servers = [localhost:9092]
	client.dns.lookup = use_all_dns_ips
	client.id = 
	connections.max.idle.ms = 300000
	default.api.timeout.ms = 60000
	metadata.max.age.ms = 300000
	metric.reporters = []
	metrics.num.samples = 2
	metrics.recording.level = INFO
	metrics.sample.window.ms = 30000
	receive.buffer.bytes = 65536
	reconnect.backoff.max.ms = 1000
	reconnect.backoff.ms = 50
	request.timeout.ms = 30000
	retries = 2147483647
	retry.backoff.ms = 100
	sasl.client.callback.handler.class = null
	sasl.jaas.config = null
	sasl.kerberos.kinit.cmd = /usr/bin/kinit
	sasl.kerberos.min.time.before.relogin = 60000
	sasl.kerberos.service.name = null
	sasl.kerberos.ticket.renew.jitter = 0.05
	sasl.kerberos.ticket.renew.window.factor = 0.8
	sasl.login.callback.handler.class = null
	sasl.login.class = null
	sasl.login.connect.timeout.ms = null
	sasl.login.read.timeout.ms = null
	sasl.login.refresh.buffer.seconds = 300
	sasl.login.refresh.min.period.seconds = 60
	sasl.login.refresh.window.factor = 0.8
	sasl.login.refresh.window.jitter = 0.05
	sasl.login.retry.backoff.max.ms = 10000
	sasl.login.retry.backoff.ms = 100
	sasl.mechanism = GSSAPI
	sasl.oauthbearer.clock.skew.seconds = 30
	sasl.oauthbearer.expected.audience = null
	sasl.oauthbearer.expected.issuer = null
	sasl.oauthbearer.jwks.endpoint.refresh.ms = 3600000
	sasl.oauthbearer.jwks.endpoint.retry.backoff.max.ms = 10000
	sasl.oauthbearer.jwks.endpoint.retry.backoff.ms = 100
	sasl.oauthbearer.jwks.endpoint.url = null
	sasl.oauthbearer.scope.claim.name = scope
	sasl.oauthbearer.sub.claim.name = sub
	sasl.oauthbearer.token.endpoint.url = null
	security.protocol = PLAINTEXT
	security.providers = null
	send.buffer.bytes = 131072
	socket.connection.setup.timeout.max.ms = 30000
	socket.connection.setup.timeout.ms = 10000
	ssl.cipher.suites = null
	ssl.enabled.protocols = [TLSv1.2, TLSv1.3]
	ssl.endpoint.identification.algorithm = https
	ssl.engine.factory.class = null
	ssl.key.password = null
	ssl.keymanager.algorithm = SunX509
	ssl.keystore.certificate.chain = null
	ssl.keystore.key = null
	ssl.keystore.location = null
	ssl.keystore.password = null
	ssl.keystore.type = JKS
	ssl.protocol = TLSv1.3
	ssl.provider = null
	ssl.secure.random.implementation = null
	ssl.trustmanager.algorithm = PKIX
	ssl.truststore.certificates = null
	ssl.truststore.location = null
	ssl.truststore.password = null
	ssl.truststore.type = JKS

2026-02-04 18:11:08.095 [                  ] [main] INFO  o.a.kafka.common.utils.AppInfoParser - Kafka version: 3.6.2
2026-02-04 18:11:08.099 [                  ] [main] INFO  o.a.kafka.common.utils.AppInfoParser - Kafka commitId: c4deed513057c94e
2026-02-04 18:11:08.099 [                  ] [main] INFO  o.a.kafka.common.utils.AppInfoParser - Kafka startTimeMs: 1770239468093
2026-02-04 18:11:08.746 [                  ] [kafka-admin-client-thread | adminclient-1] INFO  o.a.kafka.common.utils.AppInfoParser - App info kafka.admin.client for adminclient-1 unregistered
2026-02-04 18:11:08.753 [                  ] [kafka-admin-client-thread | adminclient-1] INFO  o.a.kafka.common.metrics.Metrics - Metrics scheduler closed
2026-02-04 18:11:08.754 [                  ] [kafka-admin-client-thread | adminclient-1] INFO  o.a.kafka.common.metrics.Metrics - Closing reporter org.apache.kafka.common.metrics.JmxReporter
2026-02-04 18:11:08.755 [                  ] [kafka-admin-client-thread | adminclient-1] INFO  o.a.kafka.common.metrics.Metrics - Metrics reporters closed
2026-02-04 18:11:08.758 [                  ] [main] INFO  o.a.coyote.http11.Http11NioProtocol - Starting ProtocolHandler ["http-nio-8080"]
2026-02-04 18:11:08.762 [                  ] [main] WARN  o.s.b.w.s.c.AnnotationConfigServletWebServerApplicationContext - Exception encountered during context initialization - cancelling refresh attempt: org.springframework.context.ApplicationContextException: Failed to start bean 'webServerStartStop'
2026-02-04 18:11:08.788 [                  ] [main] INFO  o.s.b.a.l.ConditionEvaluationReportLogger - 

Error starting ApplicationContext. To display the condition evaluation report re-run your application with 'debug' enabled.
2026-02-04 18:11:08.813 [                  ] [main] ERROR o.s.b.d.LoggingFailureAnalysisReporter - 

***************************
APPLICATION FAILED TO START
***************************

Description:

Web server failed to start. Port 8080 was already in use.

Action:

Identify and stop the process that's listening on port 8080 or configure this application to listen on another port.

2026-02-04 18:17:39.936 [                  ] [main] INFO  c.u.c.CertificaufuApplication - Starting CertificaufuApplication using Java 24.0.1 with PID 14980 (C:\Users\Gustavo Achcar Filho\Desktop\projects\Certifica UFU - PDSI1\certificaUFU\easycomm-monorepo\certifica-ufu-api\target\classes started by Gustavo Achcar Filho in C:\Users\Gustavo Achcar Filho\Desktop\projects\Certifica UFU - PDSI1\certificaUFU\easycomm-monorepo)
2026-02-04 18:17:39.939 [                  ] [main] INFO  c.u.c.CertificaufuApplication - No active profile set, falling back to 1 default profile: "default"
2026-02-04 18:17:40.442 [                  ] [main] INFO  o.s.d.r.c.RepositoryConfigurationDelegate - Bootstrapping Spring Data MongoDB repositories in DEFAULT mode.
2026-02-04 18:17:40.492 [                  ] [main] INFO  o.s.d.r.c.RepositoryConfigurationDelegate - Finished Spring Data repository scanning in 45 ms. Found 3 MongoDB repository interfaces.
2026-02-04 18:17:41.239 [                  ] [main] INFO  o.s.b.w.e.tomcat.TomcatWebServer - Tomcat initialized with port 8080 (http)
2026-02-04 18:17:41.253 [                  ] [main] INFO  o.a.coyote.http11.Http11NioProtocol - Initializing ProtocolHandler ["http-nio-8080"]
2026-02-04 18:17:41.256 [                  ] [main] INFO  o.a.catalina.core.StandardService - Starting service [Tomcat]
2026-02-04 18:17:41.256 [                  ] [main] INFO  o.a.catalina.core.StandardEngine - Starting Servlet engine: [Apache Tomcat/10.1.20]
2026-02-04 18:17:41.320 [                  ] [main] INFO  o.a.c.c.C.[Tomcat].[localhost].[/] - Initializing Spring embedded WebApplicationContext
2026-02-04 18:17:41.320 [                  ] [main] INFO  o.s.b.w.s.c.ServletWebServerApplicationContext - Root WebApplicationContext: initialization completed in 1332 ms
2026-02-04 18:17:41.481 [                  ] [main] INFO  org.mongodb.driver.client - MongoClient with metadata {"driver": {"name": "mongo-java-driver|sync|spring-boot", "version": "4.11.2"}, "os": {"type": "Windows", "name": "Windows 11", "architecture": "amd64", "version": "10.0"}, "platform": "Java/Oracle Corporation/24.0.1+9-30"} created with settings MongoClientSettings{readPreference=primary, writeConcern=WriteConcern{w=null, wTimeout=null ms, journal=null}, retryWrites=true, retryReads=true, readConcern=ReadConcern{level=null}, credential=null, transportSettings=null, streamFactoryFactory=null, commandListeners=[], codecRegistry=ProvidersCodecRegistry{codecProviders=[ValueCodecProvider{}, BsonValueCodecProvider{}, DBRefCodecProvider{}, DBObjectCodecProvider{}, DocumentCodecProvider{}, CollectionCodecProvider{}, IterableCodecProvider{}, MapCodecProvider{}, GeoJsonCodecProvider{}, GridFSFileCodecProvider{}, Jsr310CodecProvider{}, JsonObjectCodecProvider{}, BsonCodecProvider{}, EnumCodecProvider{}, com.mongodb.client.model.mql.ExpressionCodecProvider@4a216eb4, com.mongodb.Jep395RecordCodecProvider@bb3ecfe, com.mongodb.KotlinCodecProvider@5ec88f9e]}, loggerSettings=LoggerSettings{maxDocumentLength=1000}, clusterSettings={hosts=[localhost:27017], srvServiceName=mongodb, mode=SINGLE, requiredClusterType=UNKNOWN, requiredReplicaSetName='null', serverSelector='null', clusterListeners='[]', serverSelectionTimeout='30000 ms', localThreshold='15 ms'}, socketSettings=SocketSettings{connectTimeoutMS=10000, readTimeoutMS=0, receiveBufferSize=0, proxySettings=ProxySettings{host=null, port=null, username=null, password=null}}, heartbeatSocketSettings=SocketSettings{connectTimeoutMS=10000, readTimeoutMS=10000, receiveBufferSize=0, proxySettings=ProxySettings{host=null, port=null, username=null, password=null}}, connectionPoolSettings=ConnectionPoolSettings{maxSize=100, minSize=0, maxWaitTimeMS=120000, maxConnectionLifeTimeMS=0, maxConnectionIdleTimeMS=0, maintenanceInitialDelayMS=0, maintenanceFrequencyMS=60000, connectionPoolListeners=[], maxConnecting=2}, serverSettings=ServerSettings{heartbeatFrequencyMS=10000, minHeartbeatFrequencyMS=500, serverListeners='[]', serverMonitorListeners='[]'}, sslSettings=SslSettings{enabled=false, invalidHostNameAllowed=false, context=null}, applicationName='null', compressorList=[], uuidRepresentation=JAVA_LEGACY, serverApi=null, autoEncryptionSettings=null, dnsClient=null, inetAddressResolver=null, contextProvider=null}
2026-02-04 18:17:41.501 [                  ] [cluster-ClusterId{value='6983b775549d6b5f8ea1dd94', description='null'}-localhost:27017] INFO  org.mongodb.driver.cluster - Monitor thread successfully connected to server with description ServerDescription{address=localhost:27017, type=STANDALONE, state=CONNECTED, ok=true, minWireVersion=0, maxWireVersion=25, maxDocumentSize=16777216, logicalSessionTimeoutMinutes=30, roundTripTimeNanos=23944500}
2026-02-04 18:17:41.826 [                  ] [main] INFO  o.s.d.p.DefaultProjectionInformation$PropertyDescriptorSource - Couldn't read class metadata for interface java.io.Serializable. Input property calculation might fail
2026-02-04 18:17:42.886 [                  ] [main] INFO  o.s.s.web.DefaultSecurityFilterChain - Will secure any request with [org.springframework.security.web.session.DisableEncodeUrlFilter@767b9d66, org.springframework.security.web.context.request.async.WebAsyncManagerIntegrationFilter@687fd6e, org.springframework.security.web.context.SecurityContextHolderFilter@20e48e63, org.springframework.security.web.header.HeaderWriterFilter@6493f780, org.springframework.web.filter.CorsFilter@266a47fd, org.springframework.security.web.authentication.logout.LogoutFilter@10830d50, com.ufu_solutions.certifica_ufu_api.security.SecurityFilter@100d0218, org.springframework.security.web.savedrequest.RequestCacheAwareFilter@6705b763, org.springframework.security.web.servletapi.SecurityContextHolderAwareRequestFilter@e04b8a0, org.springframework.security.web.authentication.AnonymousAuthenticationFilter@a93c798, org.springframework.security.web.session.SessionManagementFilter@310f8a05, org.springframework.security.web.access.ExceptionTranslationFilter@4a9ff419, org.springframework.security.web.access.intercept.AuthorizationFilter@1eddca25]
2026-02-04 18:17:43.222 [                  ] [main] INFO  o.a.k.c.admin.AdminClientConfig - AdminClientConfig values: 
	auto.include.jmx.reporter = true
	bootstrap.servers = [localhost:9092]
	client.dns.lookup = use_all_dns_ips
	client.id = 
	connections.max.idle.ms = 300000
	default.api.timeout.ms = 60000
	metadata.max.age.ms = 300000
	metric.reporters = []
	metrics.num.samples = 2
	metrics.recording.level = INFO
	metrics.sample.window.ms = 30000
	receive.buffer.bytes = 65536
	reconnect.backoff.max.ms = 1000
	reconnect.backoff.ms = 50
	request.timeout.ms = 30000
	retries = 2147483647
	retry.backoff.ms = 100
	sasl.client.callback.handler.class = null
	sasl.jaas.config = null
	sasl.kerberos.kinit.cmd = /usr/bin/kinit
	sasl.kerberos.min.time.before.relogin = 60000
	sasl.kerberos.service.name = null
	sasl.kerberos.ticket.renew.jitter = 0.05
	sasl.kerberos.ticket.renew.window.factor = 0.8
	sasl.login.callback.handler.class = null
	sasl.login.class = null
	sasl.login.connect.timeout.ms = null
	sasl.login.read.timeout.ms = null
	sasl.login.refresh.buffer.seconds = 300
	sasl.login.refresh.min.period.seconds = 60
	sasl.login.refresh.window.factor = 0.8
	sasl.login.refresh.window.jitter = 0.05
	sasl.login.retry.backoff.max.ms = 10000
	sasl.login.retry.backoff.ms = 100
	sasl.mechanism = GSSAPI
	sasl.oauthbearer.clock.skew.seconds = 30
	sasl.oauthbearer.expected.audience = null
	sasl.oauthbearer.expected.issuer = null
	sasl.oauthbearer.jwks.endpoint.refresh.ms = 3600000
	sasl.oauthbearer.jwks.endpoint.retry.backoff.max.ms = 10000
	sasl.oauthbearer.jwks.endpoint.retry.backoff.ms = 100
	sasl.oauthbearer.jwks.endpoint.url = null
	sasl.oauthbearer.scope.claim.name = scope
	sasl.oauthbearer.sub.claim.name = sub
	sasl.oauthbearer.token.endpoint.url = null
	security.protocol = PLAINTEXT
	security.providers = null
	send.buffer.bytes = 131072
	socket.connection.setup.timeout.max.ms = 30000
	socket.connection.setup.timeout.ms = 10000
	ssl.cipher.suites = null
	ssl.enabled.protocols = [TLSv1.2, TLSv1.3]
	ssl.endpoint.identification.algorithm = https
	ssl.engine.factory.class = null
	ssl.key.password = null
	ssl.keymanager.algorithm = SunX509
	ssl.keystore.certificate.chain = null
	ssl.keystore.key = null
	ssl.keystore.location = null
	ssl.keystore.password = null
	ssl.keystore.type = JKS
	ssl.protocol = TLSv1.3
	ssl.provider = null
	ssl.secure.random.implementation = null
	ssl.trustmanager.algorithm = PKIX
	ssl.truststore.certificates = null
	ssl.truststore.location = null
	ssl.truststore.password = null
	ssl.truststore.type = JKS

2026-02-04 18:17:43.304 [                  ] [main] INFO  o.a.kafka.common.utils.AppInfoParser - Kafka version: 3.6.2
2026-02-04 18:17:43.306 [                  ] [main] INFO  o.a.kafka.common.utils.AppInfoParser - Kafka commitId: c4deed513057c94e
2026-02-04 18:17:43.306 [                  ] [main] INFO  o.a.kafka.common.utils.AppInfoParser - Kafka startTimeMs: 1770239863303
2026-02-04 18:17:43.732 [                  ] [kafka-admin-client-thread | adminclient-1] INFO  o.a.kafka.common.utils.AppInfoParser - App info kafka.admin.client for adminclient-1 unregistered
2026-02-04 18:17:43.736 [                  ] [kafka-admin-client-thread | adminclient-1] INFO  o.a.kafka.common.metrics.Metrics - Metrics scheduler closed
2026-02-04 18:17:43.736 [                  ] [kafka-admin-client-thread | adminclient-1] INFO  o.a.kafka.common.metrics.Metrics - Closing reporter org.apache.kafka.common.metrics.JmxReporter
2026-02-04 18:17:43.736 [                  ] [kafka-admin-client-thread | adminclient-1] INFO  o.a.kafka.common.metrics.Metrics - Metrics reporters closed
2026-02-04 18:17:43.739 [                  ] [main] INFO  o.a.coyote.http11.Http11NioProtocol - Starting ProtocolHandler ["http-nio-8080"]
2026-02-04 18:17:43.749 [                  ] [main] INFO  o.s.b.w.e.tomcat.TomcatWebServer - Tomcat started on port 8080 (http) with context path ''
2026-02-04 18:17:43.754 [                  ] [main] INFO  c.u.c.CertificaufuApplication - Started CertificaufuApplication in 4.402 seconds (process running for 5.434)
2026-02-04 18:18:32.651 [                  ] [http-nio-8080-exec-1] INFO  o.a.c.c.C.[Tomcat].[localhost].[/] - Initializing Spring DispatcherServlet 'dispatcherServlet'
2026-02-04 18:18:32.651 [                  ] [http-nio-8080-exec-1] INFO  o.s.web.servlet.DispatcherServlet - Initializing Servlet 'dispatcherServlet'
2026-02-04 18:18:32.653 [                  ] [http-nio-8080-exec-1] INFO  o.s.web.servlet.DispatcherServlet - Completed initialization in 2 ms
2026-02-04 18:18:34.787 [                  ] [http-nio-8080-exec-5] INFO  c.u.c.services.CertificateService - Fetching certificates for user: gustavo@mail.com
2026-02-04 18:18:34.837 [                  ] [http-nio-8080-exec-6] INFO  c.u.c.services.CertificateService - Fetching certificates for user: gustavo@mail.com
2026-02-04 18:20:33.363 [                  ] [http-nio-8080-exec-10] INFO  c.u.c.services.CertificateService - Fetching certificates for user: gustavo@mail.com
2026-02-04 18:22:08.997 [                  ] [http-nio-8080-exec-4] INFO  c.u.c.services.CertificateService - Fetching certificates for user: gustavo@mail.com
2026-02-04 18:22:09.015 [                  ] [http-nio-8080-exec-5] INFO  c.u.c.services.CertificateService - Fetching certificates for user: gustavo@mail.com
2026-02-04 18:22:10.110 [                  ] [http-nio-8080-exec-6] INFO  c.u.c.services.CertificateService - Fetching certificates for user: gustavo@mail.com
2026-02-04 18:22:10.125 [                  ] [http-nio-8080-exec-7] INFO  c.u.c.services.CertificateService - Fetching certificates for user: gustavo@mail.com
2026-02-04 18:25:57.545 [                  ] [http-nio-8080-exec-2] INFO  c.u.c.services.CertificateService - Fetching certificates for user: gustavo@mail.com
2026-02-04 18:25:57.560 [                  ] [http-nio-8080-exec-3] INFO  c.u.c.services.CertificateService - Fetching certificates for user: gustavo@mail.com
2026-02-04 18:27:47.316 [                  ] [http-nio-8080-exec-2] INFO  c.u.c.services.CertificateService - Fetching certificates for user: gustavo@mail.com
2026-02-04 18:27:47.329 [                  ] [http-nio-8080-exec-3] INFO  c.u.c.services.CertificateService - Fetching certificates for user: gustavo@mail.com
2026-02-04 18:28:28.267 [                  ] [http-nio-8080-exec-3] INFO  c.u.c.services.CertificateService - Request received to get all certificates.
2026-02-04 18:28:28.286 [                  ] [http-nio-8080-exec-4] INFO  c.u.c.services.CertificateService - Request received to get all certificates.
2026-02-04 18:30:22.292 [                  ] [http-nio-8080-exec-1] INFO  c.u.c.services.CertificateService - Request received to generate pre-signed URL for certificate ID: 68c8917075404e6d73d382a9
2026-02-04 18:30:22.292 [                  ] [http-nio-8080-exec-1] INFO  c.u.c.services.CertificateService - Request received to get certificate by ID: 68c8917075404e6d73d382a9
2026-02-04 18:33:57.712 [                  ] [http-nio-8080-exec-6] INFO  c.u.c.services.CertificateService - Request received to get all certificates.
2026-02-04 18:33:57.736 [                  ] [http-nio-8080-exec-8] INFO  c.u.c.services.CertificateService - Request received to get all certificates.
2026-02-04 18:59:55.748 [                  ] [http-nio-8080-exec-4] INFO  c.u.c.services.CertificateService - Request received to get all certificates.
2026-02-04 18:59:55.769 [                  ] [http-nio-8080-exec-4] INFO  c.u.c.services.CertificateService - Request received to get all certificates.
